###############################################################################
#
# IAR ELF Linker V9.60.2.399/W64 for ARM                  17/Feb/2025  17:46:41
# Copyright 2007-2024 IAR Systems AB.
#
#    Output file  =
#        C:\Users\d.chollet\Documents\STM32\SX1211-G0B1RE\EWARM\SX1211-G0B1RE\Exe\SX1211-G0B1RE.out
#    Map file     =
#        C:\Users\d.chollet\Documents\STM32\SX1211-G0B1RE\EWARM\SX1211-G0B1RE\List\SX1211-G0B1RE.map
#    Command line =
#        -f
#        C:\Users\d.chollet\Documents\STM32\SX1211-G0B1RE\EWARM\SX1211-G0B1RE\Exe\SX1211-G0B1RE.out.rsp
#        (C:\Users\d.chollet\Documents\STM32\SX1211-G0B1RE\EWARM\SX1211-G0B1RE\Obj\Core_13247989168731456611.dir\EEPROM.o
#        C:\Users\d.chollet\Documents\STM32\SX1211-G0B1RE\EWARM\SX1211-G0B1RE\Obj\Core_13247989168731456611.dir\gpio.o
#        C:\Users\d.chollet\Documents\STM32\SX1211-G0B1RE\EWARM\SX1211-G0B1RE\Obj\Core_13247989168731456611.dir\main.o
#        C:\Users\d.chollet\Documents\STM32\SX1211-G0B1RE\EWARM\SX1211-G0B1RE\Obj\Core_13247989168731456611.dir\Modbus.o
#        C:\Users\d.chollet\Documents\STM32\SX1211-G0B1RE\EWARM\SX1211-G0B1RE\Obj\Core_13247989168731456611.dir\spi.o
#        C:\Users\d.chollet\Documents\STM32\SX1211-G0B1RE\EWARM\SX1211-G0B1RE\Obj\EWARM_18443280873093131863.dir\startup_stm32g0b1xx.o
#        C:\Users\d.chollet\Documents\STM32\SX1211-G0B1RE\EWARM\SX1211-G0B1RE\Obj\STM32G0xx_HAL_Driver_14800413719917403617.dir\stm32g0xx_hal.o
#        C:\Users\d.chollet\Documents\STM32\SX1211-G0B1RE\EWARM\SX1211-G0B1RE\Obj\STM32G0xx_HAL_Driver_14800413719917403617.dir\stm32g0xx_hal_cortex.o
#        C:\Users\d.chollet\Documents\STM32\SX1211-G0B1RE\EWARM\SX1211-G0B1RE\Obj\STM32G0xx_HAL_Driver_14800413719917403617.dir\stm32g0xx_hal_dma.o
#        C:\Users\d.chollet\Documents\STM32\SX1211-G0B1RE\EWARM\SX1211-G0B1RE\Obj\STM32G0xx_HAL_Driver_14800413719917403617.dir\stm32g0xx_hal_dma_ex.o
#        C:\Users\d.chollet\Documents\STM32\SX1211-G0B1RE\EWARM\SX1211-G0B1RE\Obj\STM32G0xx_HAL_Driver_14800413719917403617.dir\stm32g0xx_hal_exti.o
#        C:\Users\d.chollet\Documents\STM32\SX1211-G0B1RE\EWARM\SX1211-G0B1RE\Obj\STM32G0xx_HAL_Driver_14800413719917403617.dir\stm32g0xx_hal_flash.o
#        C:\Users\d.chollet\Documents\STM32\SX1211-G0B1RE\EWARM\SX1211-G0B1RE\Obj\STM32G0xx_HAL_Driver_14800413719917403617.dir\stm32g0xx_hal_flash_ex.o
#        C:\Users\d.chollet\Documents\STM32\SX1211-G0B1RE\EWARM\SX1211-G0B1RE\Obj\STM32G0xx_HAL_Driver_14800413719917403617.dir\stm32g0xx_hal_gpio.o
#        C:\Users\d.chollet\Documents\STM32\SX1211-G0B1RE\EWARM\SX1211-G0B1RE\Obj\Core_13247989168731456611.dir\stm32g0xx_hal_msp.o
#        C:\Users\d.chollet\Documents\STM32\SX1211-G0B1RE\EWARM\SX1211-G0B1RE\Obj\STM32G0xx_HAL_Driver_14800413719917403617.dir\stm32g0xx_hal_pwr.o
#        C:\Users\d.chollet\Documents\STM32\SX1211-G0B1RE\EWARM\SX1211-G0B1RE\Obj\STM32G0xx_HAL_Driver_14800413719917403617.dir\stm32g0xx_hal_pwr_ex.o
#        C:\Users\d.chollet\Documents\STM32\SX1211-G0B1RE\EWARM\SX1211-G0B1RE\Obj\STM32G0xx_HAL_Driver_14800413719917403617.dir\stm32g0xx_hal_rcc.o
#        C:\Users\d.chollet\Documents\STM32\SX1211-G0B1RE\EWARM\SX1211-G0B1RE\Obj\STM32G0xx_HAL_Driver_14800413719917403617.dir\stm32g0xx_hal_rcc_ex.o
#        C:\Users\d.chollet\Documents\STM32\SX1211-G0B1RE\EWARM\SX1211-G0B1RE\Obj\STM32G0xx_HAL_Driver_14800413719917403617.dir\stm32g0xx_hal_rtc.o
#        C:\Users\d.chollet\Documents\STM32\SX1211-G0B1RE\EWARM\SX1211-G0B1RE\Obj\STM32G0xx_HAL_Driver_14800413719917403617.dir\stm32g0xx_hal_rtc_ex.o
#        C:\Users\d.chollet\Documents\STM32\SX1211-G0B1RE\EWARM\SX1211-G0B1RE\Obj\STM32G0xx_HAL_Driver_14800413719917403617.dir\stm32g0xx_hal_spi.o
#        C:\Users\d.chollet\Documents\STM32\SX1211-G0B1RE\EWARM\SX1211-G0B1RE\Obj\STM32G0xx_HAL_Driver_14800413719917403617.dir\stm32g0xx_hal_spi_ex.o
#        C:\Users\d.chollet\Documents\STM32\SX1211-G0B1RE\EWARM\SX1211-G0B1RE\Obj\STM32G0xx_HAL_Driver_14800413719917403617.dir\stm32g0xx_hal_tim.o
#        C:\Users\d.chollet\Documents\STM32\SX1211-G0B1RE\EWARM\SX1211-G0B1RE\Obj\STM32G0xx_HAL_Driver_14800413719917403617.dir\stm32g0xx_hal_tim_ex.o
#        C:\Users\d.chollet\Documents\STM32\SX1211-G0B1RE\EWARM\SX1211-G0B1RE\Obj\STM32G0xx_HAL_Driver_14800413719917403617.dir\stm32g0xx_hal_uart.o
#        C:\Users\d.chollet\Documents\STM32\SX1211-G0B1RE\EWARM\SX1211-G0B1RE\Obj\STM32G0xx_HAL_Driver_14800413719917403617.dir\stm32g0xx_hal_uart_ex.o
#        C:\Users\d.chollet\Documents\STM32\SX1211-G0B1RE\EWARM\SX1211-G0B1RE\Obj\Core_13247989168731456611.dir\stm32g0xx_it.o
#        C:\Users\d.chollet\Documents\STM32\SX1211-G0B1RE\EWARM\SX1211-G0B1RE\Obj\STM32G0xx_HAL_Driver_14800413719917403617.dir\stm32g0xx_ll_rcc.o
#        C:\Users\d.chollet\Documents\STM32\SX1211-G0B1RE\EWARM\SX1211-G0B1RE\Obj\Core_13247989168731456611.dir\stm_eeprom.o
#        C:\Users\d.chollet\Documents\STM32\SX1211-G0B1RE\EWARM\SX1211-G0B1RE\Obj\Core_13247989168731456611.dir\sx1211.o
#        C:\Users\d.chollet\Documents\STM32\SX1211-G0B1RE\EWARM\SX1211-G0B1RE\Obj\CMSIS_6603591812247902717.dir\system_stm32g0xx.o
#        C:\Users\d.chollet\Documents\STM32\SX1211-G0B1RE\EWARM\SX1211-G0B1RE\Obj\Core_13247989168731456611.dir\usart.o
#        --no_out_extension -o
#        C:\Users\d.chollet\Documents\STM32\SX1211-G0B1RE\EWARM\SX1211-G0B1RE\Exe\SX1211-G0B1RE.out
#        --redirect _Printf=_PrintfFullNoMb --redirect _Scanf=_ScanfFullNoMb
#        --map
#        C:\Users\d.chollet\Documents\STM32\SX1211-G0B1RE\EWARM\SX1211-G0B1RE\List\SX1211-G0B1RE.map
#        --config
#        C:\Users\d.chollet\Documents\STM32\SX1211-G0B1RE\EWARM/stm32g0b1xx_flash.icf
#        --semihosting --entry __iar_program_start --vfe --text_out locale
#        --cpu=Cortex-M0+ --fpu=None) --dependencies=n
#        C:\Users\d.chollet\Documents\STM32\SX1211-G0B1RE\EWARM\SX1211-G0B1RE\Exe\SX1211-G0B1RE.out.iar_deps
#
###############################################################################

*******************************************************************************
*** RUNTIME MODEL ATTRIBUTES
***

CppFlavor       = *
__CPP_Runtime   = 1
__SystemLibrary = DLib
__dlib_version  = 6


*******************************************************************************
*** HEAP SELECTION
***

The basic heap was selected because --advanced_heap
was not specified and the application did not appear to
be primarily optimized for speed.


*******************************************************************************
*** PLACEMENT SUMMARY
***

"A0":  place at address 0x800'0000 { ro section .intvec };
"P1":  place in [from 0x800'0000 to 0x807'ffff] { ro };
define block CSTACK with size = 1K, alignment = 8 { };
define block HEAP with size = 512, alignment = 8 { };
"P2":  place in [from 0x2000'0000 to 0x2002'3fff] {
          rw, block CSTACK, block HEAP };
initialize by copy { rw };

  Section            Kind         Address  Alignment    Size  Object
  -------            ----         -------  ---------    ----  ------
"A0":                                                   0xbc
  .intvec            ro code   0x800'0000          4    0xbc  startup_stm32g0b1xx.o [3]
                             - 0x800'00bc               0xbc

"P1":                                                 0x477f
  .text              ro code   0x800'00bc          4   0xf86  xprintffull_nomb.o [5]
  .text              ro code   0x800'1042          2    0x3e  packbits_init_single.o [7]
  .text              ro code   0x800'1080          4    0x12  strchr.o [7]
  .rodata            const     0x800'1092          2     0x2  xlocale_c.o [5]
  .text              ro code   0x800'1094          4    0x48  xfail_s.o [5]
  .text              ro code   0x800'10dc          4     0xe  strlen.o [7]
  .text              ro code   0x800'10ea          2     0x2  startup_stm32g0b1xx.o [3]
  .text              ro code   0x800'10ec          4    0x16  memchr.o [7]
  .text              ro code   0x800'1102          2     0x2  startup_stm32g0b1xx.o [3]
  .text              ro code   0x800'1104          4    0x4e  ABImemcpy.o [7]
  .text              ro code   0x800'1152          2    0x2a  frexp.o [6]
  .text              ro code   0x800'117c          2    0x32  DblCmpLe.o [6]
  .text              ro code   0x800'11ae          2    0x32  DblCmpGe.o [6]
  .text              ro code   0x800'11e0          2    0x70  ldexp.o [6]
  .text              ro code   0x800'1250          4    0x52  DblToI32.o [6]
  .text              ro code   0x800'12a2          2     0x2  startup_stm32g0b1xx.o [3]
  .text              ro code   0x800'12a4          4    0x34  IxxToDbl.o [6]
  .text              ro code   0x800'12d8          2   0x1a8  DblAddSub.o [6]
  .text              ro code   0x800'1480          4    0x5e  I32DivMod.o [7]
  .text              ro code   0x800'14de          2    0xc2  DblDiv.o [6]
  .text              ro code   0x800'15a0          2   0x184  DblMul.o [6]
  .text              ro code   0x800'1724          4     0xc  xlocale_c.o [5]
  .text              ro code   0x800'1730          2    0x7c  I64DivMod.o [7]
  .text              ro code   0x800'17ac          2     0xa  abort.o [5]
  .text              ro code   0x800'17b6          2     0x2  startup_stm32g0b1xx.o [3]
  .text              ro code   0x800'17b8          4     0x2  IntDivZer.o [7]
  .text              ro code   0x800'17ba          2     0x2  startup_stm32g0b1xx.o [3]
  .text              ro code   0x800'17bc          4     0x2  I64DivZer.o [7]
  .text              ro code   0x800'17be          2     0x2  startup_stm32g0b1xx.o [3]
  .text              ro code   0x800'17c0          4    0x14  exit.o [8]
  .text              ro code   0x800'17d4          4   0x734  stm32g0xx_hal_spi.o [4]
  .text              ro code   0x800'1f08          4    0xa4  spi.o [2]
  .text              ro code   0x800'1fac          4     0xc  stm32g0xx_hal.o [4]
  .text              ro code   0x800'1fb8          4   0x288  main.o [2]
  .text              ro code   0x800'2240          4    0x10  ABImemset_small.o [7]
  .text              ro code   0x800'2250          4   0x1c4  stm32g0xx_hal_gpio.o [4]
  .text              ro code   0x800'2414          4    0x68  EEPROM.o [2]
  .text              ro code   0x800'247c          4   0x6a4  stm32g0xx_hal_uart.o [4]
  .text              ro code   0x800'2b20          4    0x4c  snprintf.o [5]
  .text              ro code   0x800'2b6c          4    0x40  stm32g0xx_hal.o [4]
  .text              ro code   0x800'2bac          4    0xe8  gpio.o [2]
  .text              ro code   0x800'2c94          4    0xe0  usart.o [2]
  .text              ro code   0x800'2d74          4   0x41c  sx1211.o [2]
  .text              ro code   0x800'3190          4    0x28  stm32g0xx_hal.o [4]
  .text              ro code   0x800'31b8          4   0x394  Modbus.o [2]
  .text              ro code   0x800'354c          4    0x4c  stm32g0xx_hal_pwr_ex.o [4]
  .text              ro code   0x800'3598          4   0x658  stm32g0xx_hal_rcc.o [4]
  .text              ro code   0x800'3bf0          2     0x2  stm32g0xx_hal_gpio.o [4]
  .text              ro code   0x800'3bf2          2     0x2  stm32g0xx_hal_gpio.o [4]
  Veneer             ro code   0x800'3bf4          4    0x10  - Linker created -
  .text              ro code   0x800'3c04          4   0x134  stm32g0xx_hal_flash.o [4]
  .text              ro code   0x800'3d38          4   0x296  stm_eeprom.o [2]
  .text              ro code   0x800'3fce          2     0x2  startup_stm32g0b1xx.o [3]
  .text              ro code   0x800'3fd0          4    0x4c  stm32g0xx_hal.o [4]
  .text              ro code   0x800'401c          4    0x34  stm32g0xx_hal_msp.o [2]
  .text              ro code   0x800'4050          4   0x118  stm32g0xx_hal_uart_ex.o [4]
  .text              ro code   0x800'4168          4   0x29c  stm32g0xx_hal_rcc_ex.o [4]
  .text              ro code   0x800'4404          4    0xc8  stm32g0xx_hal_flash_ex.o [4]
  .text              ro code   0x800'44cc          4    0x78  stm32g0xx_hal_cortex.o [4]
  .rodata            const     0x800'4544          4    0x6a  xprintffull_nomb.o [5]
  .text              ro code   0x800'45ae          2     0x2  startup_stm32g0b1xx.o [3]
  .rodata            const     0x800'45b0          4    0x40  system_stm32g0xx.o [1]
  .text              ro code   0x800'45f0          2    0x3c  zero_init3.o [7]
  .text              ro code   0x800'462c          2    0x2e  stm32g0xx_it.o [2]
  .text              ro code   0x800'465a          2     0x2  startup_stm32g0b1xx.o [3]
  .text              ro code   0x800'465c          4    0x10  stm32g0xx_hal.o [4]
  .text              ro code   0x800'466c          4    0x28  data_init.o [7]
  .iar.init_table    const     0x800'4694          4    0x20  - Linker created -
  .rodata            const     0x800'46b4          4    0x20  system_stm32g0xx.o [1]
  .text              ro code   0x800'46d4          4    0x1e  cmain.o [7]
  .text              ro code   0x800'46f2          2     0x4  low_level_init.o [5]
  .text              ro code   0x800'46f6          2     0x8  exit.o [5]
  .text              ro code   0x800'46fe          2     0x2  startup_stm32g0b1xx.o [3]
  .text              ro code   0x800'4700          4     0xa  cexit.o [7]
  .text              ro code   0x800'470a          2     0x2  startup_stm32g0b1xx.o [3]
  .text              ro code   0x800'470c          4    0x1c  cstartup_M.o [7]
  .text              ro code   0x800'4728          2    0x1c  xsnprout.o [5]
  .text              ro code   0x800'4744          4    0x10  startup_stm32g0b1xx.o [3]
  .text              ro code   0x800'4754          2     0x2  startup_stm32g0b1xx.o [3]
  .text              ro code   0x800'4756          2     0x2  startup_stm32g0b1xx.o [3]
  .text              ro code   0x800'4758          2     0x2  startup_stm32g0b1xx.o [3]
  .text              ro code   0x800'475a          2     0x2  startup_stm32g0b1xx.o [3]
  .text              ro code   0x800'475c          2     0x2  startup_stm32g0b1xx.o [3]
  .text              ro code   0x800'475e          2     0x2  startup_stm32g0b1xx.o [3]
  .text              ro code   0x800'4760          2     0x2  startup_stm32g0b1xx.o [3]
  .text              ro code   0x800'4762          2     0x2  startup_stm32g0b1xx.o [3]
  .text              ro code   0x800'4764          2     0x2  startup_stm32g0b1xx.o [3]
  .text              ro code   0x800'4766          2     0x2  startup_stm32g0b1xx.o [3]
  .text              ro code   0x800'4768          2     0x2  startup_stm32g0b1xx.o [3]
  .text              ro code   0x800'476a          2     0x2  startup_stm32g0b1xx.o [3]
  .text              ro code   0x800'476c          2     0x2  startup_stm32g0b1xx.o [3]
  .text              ro code   0x800'476e          2     0x2  startup_stm32g0b1xx.o [3]
  .text              ro code   0x800'4770          2     0x2  startup_stm32g0b1xx.o [3]
  .text              ro code   0x800'4772          2     0x2  startup_stm32g0b1xx.o [3]
  .text              ro code   0x800'4774          2     0x2  startup_stm32g0b1xx.o [3]
  .text              ro code   0x800'4776          2     0x2  startup_stm32g0b1xx.o [3]
  .text              ro code   0x800'4778          4     0x2  system_stm32g0xx.o [1]
  .rodata            const     0x800'477a                0x1  xlocale_c.o [5]
  .rodata            const     0x800'477b                0x0  zero_init3.o [7]
  .rodata            const     0x800'477b                0x0  packbits_init_single.o [7]
  Initializer bytes  const     0x800'477b               0xc0  <for P2-1>
                             - 0x800'483b             0x477f

"P2", part 1 of 3:                                      0xd4
  P2-1                        0x2000'0000               0xd4  <Init block>
    .data            inited   0x2000'0000          4    0x48  EEPROM.o [2]
    .data            inited   0x2000'0048          4     0xc  stm32g0xx_hal.o [4]
    .data            inited   0x2000'0054          4     0xc  sx1211.o [2]
    .data            inited   0x2000'0060          4     0x4  system_stm32g0xx.o [1]
    .data            inited   0x2000'0064          4    0x38  xlocale_c.o [5]
    .textrw          inited   0x2000'009c          4    0x38  stm32g0xx_hal_flash.o [4]
                            - 0x2000'00d4               0xd4

"P2", part 2 of 3:                                     0x38c
  .bss               zero     0x2000'00d4          4    0x94  Modbus.o [2]
  .bss               zero     0x2000'0168          4    0x94  usart.o [2]
  .bss               zero     0x2000'01fc          4    0x88  main.o [2]
  .bss               zero     0x2000'0284          4    0x64  Modbus.o [2]
  .bss               zero     0x2000'02e8          4    0x64  spi.o [2]
  .bss               zero     0x2000'034c          4    0x48  EEPROM.o [2]
  .bss               zero     0x2000'0394          4    0x48  main.o [2]
  .bss               zero     0x2000'03dc          4    0x32  Modbus.o [2]
  .bss               zero     0x2000'040e                0x2  EEPROM.o [2]
  .bss               zero     0x2000'0410          4    0x28  Modbus.o [2]
  .bss               zero     0x2000'0438          4    0x1c  stm32g0xx_hal_flash.o [4]
  .bss               zero     0x2000'0454          4     0x4  xfail_s.o [5]
  .bss               zero     0x2000'0458          2     0x2  main.o [2]
  .bss               zero     0x2000'045a                0x2  sx1211.o [2]
  .bss               zero     0x2000'045c                0x1  main.o [2]
  .bss               zero     0x2000'045d                0x1  main.o [2]
  .bss               zero     0x2000'045e                0x1  main.o [2]
  .bss               zero     0x2000'045f                0x1  Modbus.o [2]
                            - 0x2000'0460              0x38c

"P2", part 3 of 3:                                     0x400
  CSTACK                      0x2000'0460          8   0x400  <Block>
    CSTACK           uninit   0x2000'0460              0x400  <Block tail>
                            - 0x2000'0860              0x400

Unused ranges:

         From           To      Size
         ----           --      ----
   0x800'483b   0x807'ffff  0x7'b7c5
  0x2000'0860  0x2002'3fff  0x2'37a0


*******************************************************************************
*** INIT TABLE
***

          Address      Size
          -------      ----
Zero (__iar_zero_init3)
    1 destination range, total size 0x38c:
          0x2000'00d4  0x38c

Copy/packbits (__iar_packbits_init_single3)
    1 source range, total size 0xc0 (90% of destination):
           0x800'477b   0xc0
    1 destination range, total size 0xd4:
          0x2000'0000   0xd4



*******************************************************************************
*** MODULE SUMMARY
***

    Module                    ro code  rw code  ro data  rw data
    ------                    -------  -------  -------  -------
command line/config:
    ------------------------------------------------------------
    Total:

C:\Users\d.chollet\Documents\STM32\SX1211-G0B1RE\EWARM\SX1211-G0B1RE\Obj\CMSIS_6603591812247902717.dir: [1]
    system_stm32g0xx.o              2               100        4
    ------------------------------------------------------------
    Total:                          2               100        4

C:\Users\d.chollet\Documents\STM32\SX1211-G0B1RE\EWARM\SX1211-G0B1RE\Obj\Core_13247989168731456611.dir: [2]
    EEPROM.o                      104                65      146
    Modbus.o                      916                        339
    gpio.o                        232
    main.o                        648                        213
    spi.o                         164                        100
    stm32g0xx_hal_msp.o            52
    stm32g0xx_it.o                 46
    stm_eeprom.o                  662
    sx1211.o                    1'052                10       14
    usart.o                       224                        148
    ------------------------------------------------------------
    Total:                      4'100                75      960

C:\Users\d.chollet\Documents\STM32\SX1211-G0B1RE\EWARM\SX1211-G0B1RE\Obj\EWARM_18443280873093131863.dir: [3]
    startup_stm32g0b1xx.o         262
    ------------------------------------------------------------
    Total:                        262

C:\Users\d.chollet\Documents\STM32\SX1211-G0B1RE\EWARM\SX1211-G0B1RE\Obj\STM32G0xx_HAL_Driver_14800413719917403617.dir: [4]
    stm32g0xx_hal.o               208                11       12
    stm32g0xx_hal_cortex.o        120
    stm32g0xx_hal_flash.o         308       56       51       28
    stm32g0xx_hal_flash_ex.o      200
    stm32g0xx_hal_gpio.o          456
    stm32g0xx_hal_pwr_ex.o         76
    stm32g0xx_hal_rcc.o         1'624
    stm32g0xx_hal_rcc_ex.o        668
    stm32g0xx_hal_spi.o         1'844
    stm32g0xx_hal_uart.o        1'700
    stm32g0xx_hal_uart_ex.o       280
    ------------------------------------------------------------
    Total:                      7'484       56       62       40

dl6M_tlf.a: [5]
    abort.o                        10
    exit.o                          8
    low_level_init.o                4
    snprintf.o                     76
    xfail_s.o                      72                          4
    xlocale_c.o                    12                54       56
    xprintffull_nomb.o          3'974               106
    xsnprout.o                     28
    ------------------------------------------------------------
    Total:                      4'184               160       60

m6M_tl.a: [6]
    DblAddSub.o                   424
    DblCmpGe.o                     50
    DblCmpLe.o                     50
    DblDiv.o                      194
    DblMul.o                      388
    DblToI32.o                     82
    IxxToDbl.o                     52
    frexp.o                        42
    ldexp.o                       112
    ------------------------------------------------------------
    Total:                      1'394

rt6M_tl.a: [7]
    ABImemcpy.o                    78
    ABImemset_small.o              16
    I32DivMod.o                    94
    I64DivMod.o                   124
    I64DivZer.o                     2
    IntDivZer.o                     2
    cexit.o                        10
    cmain.o                        30
    cstartup_M.o                   28
    data_init.o                    40
    memchr.o                       22
    packbits_init_single.o         62
    strchr.o                       18
    strlen.o                       14
    zero_init3.o                   60
    ------------------------------------------------------------
    Total:                        600

shb_l.a: [8]
    exit.o                         20
    ------------------------------------------------------------
    Total:                         20

    Linker created                 16                32    1'024
----------------------------------------------------------------
    Grand Total:               18'062       56      429    2'088


*******************************************************************************
*** ENTRY LIST
***

Entry                       Address   Size  Type      Object
-----                       -------   ----  ----      ------
.iar.init_table$$Base    0x800'4694          --   Gb  - Linker created -
.iar.init_table$$Limit   0x800'46b4          --   Gb  - Linker created -
?main                    0x800'46d5         Code  Gb  cmain.o [7]
ADC1_COMP_IRQHandler     0x800'470b         Code  Wk  startup_stm32g0b1xx.o [3]
AHBPrescTable            0x800'45b0   0x40  Data  Gb  system_stm32g0xx.o [1]
APBPrescTable            0x800'46b4   0x20  Data  Gb  system_stm32g0xx.o [1]
BSP_Wait1us              0x800'315b    0xe  Code  Gb  sx1211.o [2]
BSP_WaitXus              0x800'3169   0x12  Code  Gb  sx1211.o [2]
CEC_IRQHandler           0x800'4777         Code  Wk  startup_stm32g0b1xx.o [3]
CSTACK$$Base            0x2000'0460          --   Gb  - Linker created -
CSTACK$$Limit           0x2000'0860          --   Gb  - Linker created -
DMA1_Ch4_7_DMA2_Ch1_5_DMAMUX1_OVR_IRQHandler
                         0x800'46ff         Code  Wk  startup_stm32g0b1xx.o [3]
DMA1_Channel1_IRQHandler
                         0x800'45af         Code  Wk  startup_stm32g0b1xx.o [3]
DMA1_Channel2_3_IRQHandler
                         0x800'465b         Code  Wk  startup_stm32g0b1xx.o [3]
Dec2Bcd                  0x800'31b9   0x1a  Code  Gb  Modbus.o [2]
EEP_Error               0x2000'040f    0x1  Data  Gb  EEPROM.o [2]
EEP_Status              0x2000'040e    0x1  Data  Gb  EEPROM.o [2]
EEP_Update               0x800'2415   0x3c  Code  Gb  EEPROM.o [2]
EE_FindPage              0x800'3dbb   0x7c  Code  Lc  stm_eeprom.o [2]
EE_PageErase             0x800'3fad   0x22  Code  Lc  stm_eeprom.o [2]
EE_PageTransfer          0x800'3ea1   0xe6  Code  Lc  stm_eeprom.o [2]
EE_ReadVariable          0x800'3d39   0x68  Code  Gb  stm_eeprom.o [2]
EE_VerifyPageFullWriteVariable
                         0x800'3e3d   0x5c  Code  Lc  stm_eeprom.o [2]
EE_WriteVariable         0x800'3da1   0x1a  Code  Gb  stm_eeprom.o [2]
EXTI0_1_IRQHandler       0x800'17bf         Code  Wk  startup_stm32g0b1xx.o [3]
EXTI2_3_IRQHandler       0x800'463d    0xa  Code  Gb  stm32g0xx_it.o [2]
EXTI4_15_IRQHandler      0x800'4647   0x14  Code  Gb  stm32g0xx_it.o [2]
Error_Handler            0x800'2195    0x4  Code  Gb  main.o [2]
FLASH_IRQHandler         0x800'17b7         Code  Wk  startup_stm32g0b1xx.o [3]
FLASH_PageErase          0x800'4495   0x26  Code  Gb  stm32g0xx_hal_flash_ex.o [4]
FLASH_Program_DoubleWord
                         0x800'3d01   0x18  Code  Lc  stm32g0xx_hal_flash.o [4]
FLASH_Program_Fast      0x2000'009d   0x38  Code  Lc  stm32g0xx_hal_flash.o [4]
FLASH_WaitForLastOperation
                         0x800'3ca5   0x5c  Code  Gb  stm32g0xx_hal_flash.o [4]
HAL_Delay                0x800'3191   0x28  Code  Wk  stm32g0xx_hal.o [4]
HAL_FLASHEx_Erase        0x800'4405   0x88  Code  Gb  stm32g0xx_hal_flash_ex.o [4]
HAL_FLASH_Lock           0x800'3c7f   0x12  Code  Gb  stm32g0xx_hal_flash.o [4]
HAL_FLASH_Program        0x800'3c05   0x5a  Code  Gb  stm32g0xx_hal_flash.o [4]
HAL_FLASH_Unlock         0x800'3c5f   0x20  Code  Gb  stm32g0xx_hal_flash.o [4]
HAL_GPIO_EXTI_Falling_Callback
                         0x800'3bf3    0x2  Code  Wk  stm32g0xx_hal_gpio.o [4]
HAL_GPIO_EXTI_IRQHandler
                         0x800'23cf   0x26  Code  Gb  stm32g0xx_hal_gpio.o [4]
HAL_GPIO_EXTI_Rising_Callback
                         0x800'3bf1    0x2  Code  Wk  stm32g0xx_hal_gpio.o [4]
HAL_GPIO_Init            0x800'2251  0x166  Code  Gb  stm32g0xx_hal_gpio.o [4]
HAL_GPIO_ReadPin         0x800'23b7    0xc  Code  Gb  stm32g0xx_hal_gpio.o [4]
HAL_GPIO_WritePin        0x800'23c3    0xc  Code  Gb  stm32g0xx_hal_gpio.o [4]
HAL_GetTick              0x800'1fad    0xc  Code  Wk  stm32g0xx_hal.o [4]
HAL_IncTick              0x800'465d   0x10  Code  Wk  stm32g0xx_hal.o [4]
HAL_Init                 0x800'2b6d   0x24  Code  Gb  stm32g0xx_hal.o [4]
HAL_InitTick             0x800'3fd1   0x4c  Code  Wk  stm32g0xx_hal.o [4]
HAL_MspInit              0x800'401d   0x34  Code  Gb  stm32g0xx_hal_msp.o [2]
HAL_NVIC_SetPriority     0x800'4507    0x8  Code  Gb  stm32g0xx_hal_cortex.o [4]
HAL_PWREx_ControlVoltageScaling
                         0x800'354d   0x3a  Code  Gb  stm32g0xx_hal_pwr_ex.o [4]
HAL_RCCEx_PeriphCLKConfig
                         0x800'4169  0x266  Code  Gb  stm32g0xx_hal_rcc_ex.o [4]
HAL_RCC_ClockConfig      0x800'39c5  0x14e  Code  Gb  stm32g0xx_hal_rcc.o [4]
HAL_RCC_GetPCLK1Freq     0x800'3ba3   0x1a  Code  Gb  stm32g0xx_hal_rcc.o [4]
HAL_RCC_GetSysClockFreq
                         0x800'3b21   0x82  Code  Gb  stm32g0xx_hal_rcc.o [4]
HAL_RCC_OscConfig        0x800'3599  0x41c  Code  Gb  stm32g0xx_hal_rcc.o [4]
HAL_SPI_Init             0x800'17d5  0x104  Code  Gb  stm32g0xx_hal_spi.o [4]
HAL_SPI_MspInit          0x800'1f4b   0x56  Code  Gb  spi.o [2]
HAL_SPI_Transmit         0x800'18d9  0x1c8  Code  Gb  stm32g0xx_hal_spi.o [4]
HAL_SPI_TransmitReceive
                         0x800'1aa9  0x248  Code  Gb  stm32g0xx_hal_spi.o [4]
HAL_SYSCFG_StrobeDBattpinsConfig
                         0x800'2b91    0xe  Code  Gb  stm32g0xx_hal.o [4]
HAL_SYSTICK_Config       0x800'4511   0x28  Code  Gb  stm32g0xx_hal_cortex.o [4]
HAL_UARTEx_DisableFifoMode
                         0x800'4051   0x3a  Code  Gb  stm32g0xx_hal_uart_ex.o [4]
HAL_UARTEx_SetRxFifoThreshold
                         0x800'40bd   0x30  Code  Gb  stm32g0xx_hal_uart_ex.o [4]
HAL_UARTEx_SetTxFifoThreshold
                         0x800'408b   0x32  Code  Gb  stm32g0xx_hal_uart_ex.o [4]
HAL_UART_Init            0x800'247d   0x66  Code  Gb  stm32g0xx_hal_uart.o [4]
HAL_UART_MspInit         0x800'2cf7   0x70  Code  Gb  usart.o [2]
HAL_UART_Transmit        0x800'24e9   0xda  Code  Gb  stm32g0xx_hal_uart.o [4]
HardFault_Handler        0x800'462f    0x2  Code  Gb  stm32g0xx_it.o [2]
I2C1_IRQHandler          0x800'4769         Code  Wk  startup_stm32g0b1xx.o [3]
I2C2_3_IRQHandler        0x800'476b         Code  Wk  startup_stm32g0b1xx.o [3]
Langue                  0x2000'028a    0x1  Data  Gb  Modbus.o [2]
MODBUS_mb_req_pdu        0x800'3295  0x26c  Code  Gb  Modbus.o [2]
MX_GPIO_Init             0x800'2bad   0xe8  Code  Gb  gpio.o [2]
MX_SPI1_Init             0x800'1f09   0x42  Code  Gb  spi.o [2]
MX_USART2_UART_Init      0x800'2c95   0x62  Code  Gb  usart.o [2]
NMI_Handler              0x800'462d    0x2  Code  Gb  stm32g0xx_it.o [2]
PVD_VDDIO2_IRQHandler    0x800'1103         Code  Wk  startup_stm32g0b1xx.o [3]
PendSV_Handler           0x800'4633    0x2  Code  Gb  stm32g0xx_it.o [2]
PreMode                 0x2000'0055    0x1  Data  Lc  sx1211.o [2]
RCC_CRS_IRQHandler       0x800'17bb         Code  Wk  startup_stm32g0b1xx.o [3]
RF_Configuration         0x800'2d91   0x58  Code  Gb  sx1211.o [2]
RF_GetRSSI               0x800'3093    0x6  Code  Gb  sx1211.o [2]
RF_Keep_RXLV             0x800'31d3   0x16  Code  Gb  Modbus.o [2]
RF_MatchingEnd           0x800'1fb9   0x38  Code  Gb  main.o [2]
RF_ReceiveFrame          0x800'2e09   0xa6  Code  Gb  sx1211.o [2]
RF_SetCurrentNetid       0x800'3069   0x2a  Code  Gb  sx1211.o [2]
RF_TransmitFrame         0x800'2eaf   0x84  Code  Gb  sx1211.o [2]
RF_WEB2THM               0x800'324f   0x1e  Code  Gb  Modbus.o [2]
RTC_TAMP_IRQHandler      0x800'12a3         Code  Wk  startup_stm32g0b1xx.o [3]
ReadAndPrintIRQs         0x800'200d   0x34  Code  Gb  main.o [2]
ReadRegister             0x800'30eb   0x4e  Code  Lc  sx1211.o [2]
Region$$Table$$Base      0x800'4694          --   Gb  - Linker created -
Region$$Table$$Limit     0x800'46b4          --   Gb  - Linker created -
RegistersCfg             0x800'2de8   0x20  Data  Gb  sx1211.o [2]
Reset_Handler            0x800'4745         Code  Wk  startup_stm32g0b1xx.o [3]
Rf_Level_Quality        0x2000'028b    0x1  Data  Gb  Modbus.o [2]
SFlags0                 0x2000'040c    0x2  Data  Gb  Modbus.o [2]
SFlags1                 0x2000'0284    0x1  Data  Gb  Modbus.o [2]
SFlags2                 0x2000'0285    0x1  Data  Gb  Modbus.o [2]
SFlags3                 0x2000'045f    0x1  Data  Gb  Modbus.o [2]
SFlags5                 0x2000'0286    0x1  Data  Gb  Modbus.o [2]
SFlags6                 0x2000'0287    0x1  Data  Gb  Modbus.o [2]
SFlags7                 0x2000'0288    0x1  Data  Gb  Modbus.o [2]
SMsg2Go                 0x2000'028c    0x2  Data  Gb  Modbus.o [2]
SPI1_IRQHandler          0x800'476d         Code  Wk  startup_stm32g0b1xx.o [3]
SPI2_3_IRQHandler        0x800'476f         Code  Wk  startup_stm32g0b1xx.o [3]
SPI2_SendByte            0x800'2d75   0x1a  Code  Gb  sx1211.o [2]
SPI_EndRxTxTransaction   0x800'1ebd   0x4c  Code  Lc  stm32g0xx_hal_spi.o [4]
SPI_WaitFifoStateUntilTimeout
                         0x800'1dbf   0xf4  Code  Lc  stm32g0xx_hal_spi.o [4]
SPI_WaitFlagStateUntilTimeout
                         0x800'1cf9   0xc6  Code  Lc  stm32g0xx_hal_spi.o [4]
SRAM2EEP                0x2000'0394   0x48  Data  Gb  main.o [2]
SRegistresRW_COM        0x2000'02b0   0x38  Data  Gb  Modbus.o [2]
SRegistresRW_FAV        0x2000'02a0    0xc  Data  Gb  Modbus.o [2]
SRegistresRW_SAT_LED    0x2000'0290   0x10  Data  Gb  Modbus.o [2]
SRegistresRW_SAT_SGC    0x2000'03dc   0x30  Data  Gb  Modbus.o [2]
SRegistresRW_THM        0x2000'00d4   0x94  Data  Gb  Modbus.o [2]
SRegistresR_COM         0x2000'0410   0x28  Data  Gb  Modbus.o [2]
SVC_Handler              0x800'4631    0x2  Code  Gb  stm32g0xx_it.o [2]
SendUART                 0x800'1ff1   0x18  Code  Gb  main.o [2]
SetRFMode                0x800'2f33  0x12c  Code  Gb  sx1211.o [2]
SysTick_Handler          0x800'4635    0x8  Code  Gb  stm32g0xx_it.o [2]
SystemClock_Config       0x800'2139   0x5c  Code  Gb  main.o [2]
SystemCoreClock         0x2000'0060    0x4  Data  Gb  system_stm32g0xx.o [1]
SystemInit               0x800'4779    0x2  Code  Gb  system_stm32g0xx.o [1]
TIM14_IRQHandler         0x800'4761         Code  Wk  startup_stm32g0b1xx.o [3]
TIM15_IRQHandler         0x800'4763         Code  Wk  startup_stm32g0b1xx.o [3]
TIM16_FDCAN_IT0_IRQHandler
                         0x800'4765         Code  Wk  startup_stm32g0b1xx.o [3]
TIM17_FDCAN_IT1_IRQHandler
                         0x800'4767         Code  Wk  startup_stm32g0b1xx.o [3]
TIM1_BRK_UP_TRG_COM_IRQHandler
                         0x800'4755         Code  Wk  startup_stm32g0b1xx.o [3]
TIM1_CC_IRQHandler       0x800'4757         Code  Wk  startup_stm32g0b1xx.o [3]
TIM2_IRQHandler          0x800'4759         Code  Wk  startup_stm32g0b1xx.o [3]
TIM3_TIM4_IRQHandler     0x800'475b         Code  Wk  startup_stm32g0b1xx.o [3]
TIM6_DAC_LPTIM1_IRQHandler
                         0x800'475d         Code  Wk  startup_stm32g0b1xx.o [3]
TIM7_LPTIM2_IRQHandler   0x800'475f         Code  Wk  startup_stm32g0b1xx.o [3]
TrameEnvoie             0x2000'0240   0x44  Data  Gb  main.o [2]
TrameRx                 0x2000'01fc   0x44  Data  Gb  main.o [2]
UARTEx_SetNbDataToProcess
                         0x800'410d   0x4a  Code  Lc  stm32g0xx_hal_uart_ex.o [4]
UARTEx_SetNbDataToProcess::denominator
                         0x800'4160    0x8  Data  Lc  stm32g0xx_hal_uart_ex.o [4]
UARTEx_SetNbDataToProcess::numerator
                         0x800'4158    0x8  Data  Lc  stm32g0xx_hal_uart_ex.o [4]
UARTPrescTable           0x800'283c   0x18  Data  Gb  stm32g0xx_hal_uart.o [4]
UART_AdvFeatureConfig    0x800'2855   0xc8  Code  Gb  stm32g0xx_hal_uart.o [4]
UART_CheckIdleState      0x800'2929   0xae  Code  Gb  stm32g0xx_hal_uart.o [4]
UART_EndRxTransfer       0x800'2ab9   0x5e  Code  Lc  stm32g0xx_hal_uart.o [4]
UART_SetConfig           0x800'25c5  0x24e  Code  Gb  stm32g0xx_hal_uart.o [4]
UART_WaitOnFlagUntilTimeout
                         0x800'29fd   0xa2  Code  Gb  stm32g0xx_hal_uart.o [4]
UPDT_BUF2SYS             0x800'321b   0x34  Code  Gb  Modbus.o [2]
UPDT_SYS2BUF             0x800'31e9   0x32  Code  Gb  Modbus.o [2]
USART1_IRQHandler        0x800'4771         Code  Wk  startup_stm32g0b1xx.o [3]
USART2_LPUART2_IRQHandler
                         0x800'4773         Code  Wk  startup_stm32g0b1xx.o [3]
USART3_4_5_6_LPUART1_IRQHandler
                         0x800'4775         Code  Wk  startup_stm32g0b1xx.o [3]
USB_UCPD1_2_IRQHandler   0x800'3fcf         Code  Wk  startup_stm32g0b1xx.o [3]
VarDataTab              0x2000'034c   0x48  Data  Gb  EEPROM.o [2]
VirtAddVarTab           0x2000'0000   0x48  Data  Gb  EEPROM.o [2]
WWDG_IRQHandler          0x800'10eb         Code  Wk  startup_stm32g0b1xx.o [3]
Wait                     0x800'317b    0x8  Code  Gb  sx1211.o [2]
WriteFifo                0x800'3139   0x22  Code  Lc  sx1211.o [2]
WriteRegister            0x800'30a5   0x46  Code  Lc  sx1211.o [2]
_LC                      0x800'00bd    0x8  Code  Lc  xprintffull_nomb.o [5]
_LitobFullNoMb           0x800'0e9d  0x124  Code  Lc  xprintffull_nomb.o [5]
_Locale_lconv           0x2000'0064   0x38  Data  Lc  xlocale_c.o [5]
_PrintfFullNoMb          0x800'00c5  0xdd8  Code  Gb  xprintffull_nomb.o [5]
_PutcharsFullNoMb        0x800'100d   0x36  Code  Lc  xprintffull_nomb.o [5]
_SNProut                 0x800'4729   0x1c  Code  Gb  xsnprout.o [5]
__ICFEDIT_region_RAM_end__ {Abs}
                        0x2002'3fff          --   Gb  <internal module>
__ICFEDIT_region_RAM_start__ {Abs}
                        0x2000'0000          --   Gb  <internal module>
__NVIC_SetPriority       0x800'44cd   0x3a  Code  Lc  stm32g0xx_hal_cortex.o [4]
__aeabi_cdcmple          0x800'117d         Code  Gb  DblCmpLe.o [6]
__aeabi_cdrcmple         0x800'11af         Code  Gb  DblCmpGe.o [6]
__aeabi_d2iz             0x800'1251         Code  Gb  DblToI32.o [6]
__aeabi_d2uiz            0x800'1275         Code  Gb  DblToI32.o [6]
__aeabi_ddiv             0x800'14df         Code  Gb  DblDiv.o [6]
__aeabi_dmul             0x800'15a1         Code  Gb  DblMul.o [6]
__aeabi_dsub             0x800'1393         Code  Gb  DblAddSub.o [6]
__aeabi_i2d              0x800'12c5         Code  Gb  IxxToDbl.o [6]
__aeabi_idiv0            0x800'17b9         Code  Gb  IntDivZer.o [7]
__aeabi_ldiv0            0x800'17bd         Code  Gb  I64DivZer.o [7]
__aeabi_memcpy           0x800'1139         Code  Gb  ABImemcpy.o [7]
__aeabi_memcpy4          0x800'1105         Code  Gb  ABImemcpy.o [7]
__aeabi_memcpy8          0x800'1105         Code  Gb  ABImemcpy.o [7]
__aeabi_ui2d             0x800'12a5         Code  Gb  IxxToDbl.o [6]
__aeabi_uldivmod         0x800'1731         Code  Gb  I64DivMod.o [7]
__cmain                  0x800'46d5         Code  Gb  cmain.o [7]
__exit                   0x800'17c1   0x14  Code  Gb  exit.o [8]
__iar_Fail_s             0x800'1095   0x22  Code  Gb  xfail_s.o [5]
__iar_Memchr             0x800'10ed         Code  Gb  memchr.o [7]
__iar_Memcpy             0x800'1145         Code  Gb  ABImemcpy.o [7]
__iar_Strchr             0x800'1081         Code  Gb  strchr.o [7]
__iar_d2uiz              0x800'1279         Code  Gb  DblToI32.o [6]
__iar_data_init3         0x800'466d   0x28  Code  Gb  data_init.o [7]
__iar_frexp              0x800'115f         Code  Gb  frexp.o [6]
__iar_frexp64            0x800'1153         Code  Gb  frexp.o [6]
__iar_frexpl             0x800'115f         Code  Gb  frexp.o [6]
__iar_ldexp64            0x800'11e1         Code  Gb  ldexp.o [6]
__iar_packbits_init_single3
                         0x800'1043   0x3e  Code  Gb  packbits_init_single.o [7]
__iar_program_start      0x800'470d         Code  Gb  cstartup_M.o [7]
__iar_scalbln64          0x800'11e1         Code  Gb  ldexp.o [6]
__iar_scalbn64           0x800'11e1         Code  Gb  ldexp.o [6]
__iar_small_Memset4_word
                         0x800'2245         Code  Gb  ABImemset_small.o [7]
__iar_small_Memset_word
                         0x800'2245         Code  Gb  ABImemset_small.o [7]
__iar_small_idiv         0x800'1481         Code  Gb  I32DivMod.o [7]
__iar_small_idivmod      0x800'1481         Code  Gb  I32DivMod.o [7]
__iar_small_memclr       0x800'2241         Code  Gb  ABImemset_small.o [7]
__iar_small_memclr4      0x800'2241         Code  Gb  ABImemset_small.o [7]
__iar_small_memclr8      0x800'2241         Code  Gb  ABImemset_small.o [7]
__iar_small_memset       0x800'2245         Code  Gb  ABImemset_small.o [7]
__iar_small_memset4      0x800'2245         Code  Gb  ABImemset_small.o [7]
__iar_small_memset8      0x800'2245         Code  Gb  ABImemset_small.o [7]
__iar_small_uidiv        0x800'14a9         Code  Gb  I32DivMod.o [7]
__iar_small_uidivmod     0x800'14a9         Code  Gb  I32DivMod.o [7]
__iar_zero_init3         0x800'45f1   0x3c  Code  Gb  zero_init3.o [7]
__low_level_init         0x800'46f3    0x4  Code  Gb  low_level_init.o [5]
__vector_table           0x800'0000         Data  Gb  startup_stm32g0b1xx.o [3]
_call_main               0x800'46e1         Code  Gb  cmain.o [7]
_exit                    0x800'4701         Code  Gb  cexit.o [7]
aRxBuffer               0x2000'045b    0x1  Data  Gb  sx1211.o [2]
aTxBuffer               0x2000'045a    0x1  Data  Gb  sx1211.o [2]
abort                    0x800'17ad    0xa  Code  Gb  abort.o [5]
exit                     0x800'46f7    0x8  Code  Gb  exit.o [5]
frexp                    0x800'1153         Code  Gb  frexp.o [6]
frexpl                   0x800'1153         Code  Gb  frexp.o [6]
hspi1                   0x2000'02e8   0x64  Data  Gb  spi.o [2]
huart2                  0x2000'0168   0x94  Data  Gb  usart.o [2]
ldexp                    0x800'11e1         Code  Gb  ldexp.o [6]
ldexpl                   0x800'11e1         Code  Gb  ldexp.o [6]
localeconv               0x800'1725    0x4  Code  Gb  xlocale_c.o [5]
main                     0x800'2041   0xdc  Code  Gb  main.o [2]
memchr                   0x800'10ed         Code  Gb  memchr.o [7]
pFlash                  0x2000'0438   0x1c  Data  Gb  stm32g0xx_hal_flash.o [4]
read_eeprom              0x800'2451   0x1a  Code  Gb  EEPROM.o [2]
scalbln                  0x800'11e1         Code  Gb  ldexp.o [6]
scalblnl                 0x800'11e1         Code  Gb  ldexp.o [6]
scalbn                   0x800'11e1         Code  Gb  ldexp.o [6]
scalbnl                  0x800'11e1         Code  Gb  ldexp.o [6]
scale                    0x800'0fc1   0x44  Code  Lc  xprintffull_nomb.o [5]
sec_hand                0x2000'0454    0x4  Data  Lc  xfail_s.o [5]
snprintf                 0x800'2b21   0x4c  Code  Gb  snprintf.o [5]
strchr                   0x800'1081         Code  Gb  strchr.o [7]
strlen                   0x800'10dd         Code  Gb  strlen.o [7]
ucMEMFAV_SA             0x2000'045c    0x1  Data  Gb  main.o [2]
ucMEMFAV_SJ             0x2000'045e    0x1  Data  Gb  main.o [2]
ucMEMFAV_SM             0x2000'045d    0x1  Data  Gb  main.o [2]
ucMRK_RXOVR             0x2000'0054    0x1  Data  Gb  sx1211.o [2]
ucRfValue               0x2000'0056    0x1  Data  Lc  sx1211.o [2]
ucTIM1TSWEBMODIF        0x2000'0289    0x1  Data  Gb  Modbus.o [2]
uiMEMFAV_CS             0x2000'0458    0x2  Data  Gb  main.o [2]
uiTIM5msRUN             0x2000'02ac    0x2  Data  Gb  Modbus.o [2]
uifnMEMFAV_CS            0x800'326d   0x1c  Code  Gb  Modbus.o [2]
ulmeas1                 0x2000'0058    0x4  Data  Gb  sx1211.o [2]
ulmeas2                 0x2000'005c    0x4  Data  Gb  sx1211.o [2]
uwTick                  0x2000'004c    0x4  Data  Gb  stm32g0xx_hal.o [4]
uwTickFreq              0x2000'0048    0x1  Data  Gb  stm32g0xx_hal.o [4]
uwTickPrio              0x2000'0050    0x4  Data  Gb  stm32g0xx_hal.o [4]


[1] = C:\Users\d.chollet\Documents\STM32\SX1211-G0B1RE\EWARM\SX1211-G0B1RE\Obj\CMSIS_6603591812247902717.dir
[2] = C:\Users\d.chollet\Documents\STM32\SX1211-G0B1RE\EWARM\SX1211-G0B1RE\Obj\Core_13247989168731456611.dir
[3] = C:\Users\d.chollet\Documents\STM32\SX1211-G0B1RE\EWARM\SX1211-G0B1RE\Obj\EWARM_18443280873093131863.dir
[4] = C:\Users\d.chollet\Documents\STM32\SX1211-G0B1RE\EWARM\SX1211-G0B1RE\Obj\STM32G0xx_HAL_Driver_14800413719917403617.dir
[5] = dl6M_tlf.a
[6] = m6M_tl.a
[7] = rt6M_tl.a
[8] = shb_l.a

  18'062 bytes of readonly  code memory
      56 bytes of readwrite code memory
     429 bytes of readonly  data memory
   2'088 bytes of readwrite data memory

Errors: none
Warnings: none
