###############################################################################
#
# IAR ELF Linker V9.60.2.399/W64 for ARM                  19/Feb/2025  13:43:09
# Copyright 2007-2024 IAR Systems AB.
#
#    Output file  =
#        C:\Users\d.chollet\Documents\STM32\SX1211-G0B1RE\EWARM\SX1211-G0B1RE\Exe\SX1211-G0B1RE.out
#    Map file     =
#        C:\Users\d.chollet\Documents\STM32\SX1211-G0B1RE\EWARM\SX1211-G0B1RE\List\SX1211-G0B1RE.map
#    Command line =
#        -f
#        C:\Users\d.chollet\Documents\STM32\SX1211-G0B1RE\EWARM\SX1211-G0B1RE\Exe\SX1211-G0B1RE.out.rsp
#        (C:\Users\d.chollet\Documents\STM32\SX1211-G0B1RE\EWARM\SX1211-G0B1RE\Obj\Core_13247989168731456611.dir\EEPROM.o
#        C:\Users\d.chollet\Documents\STM32\SX1211-G0B1RE\EWARM\SX1211-G0B1RE\Obj\Core_13247989168731456611.dir\gpio.o
#        C:\Users\d.chollet\Documents\STM32\SX1211-G0B1RE\EWARM\SX1211-G0B1RE\Obj\Core_13247989168731456611.dir\main.o
#        C:\Users\d.chollet\Documents\STM32\SX1211-G0B1RE\EWARM\SX1211-G0B1RE\Obj\Core_13247989168731456611.dir\Modbus.o
#        C:\Users\d.chollet\Documents\STM32\SX1211-G0B1RE\EWARM\SX1211-G0B1RE\Obj\Core_13247989168731456611.dir\spi.o
#        C:\Users\d.chollet\Documents\STM32\SX1211-G0B1RE\EWARM\SX1211-G0B1RE\Obj\EWARM_18443280873093131863.dir\startup_stm32g0b1xx.o
#        C:\Users\d.chollet\Documents\STM32\SX1211-G0B1RE\EWARM\SX1211-G0B1RE\Obj\STM32G0xx_HAL_Driver_14800413719917403617.dir\stm32g0xx_hal.o
#        C:\Users\d.chollet\Documents\STM32\SX1211-G0B1RE\EWARM\SX1211-G0B1RE\Obj\STM32G0xx_HAL_Driver_14800413719917403617.dir\stm32g0xx_hal_cortex.o
#        C:\Users\d.chollet\Documents\STM32\SX1211-G0B1RE\EWARM\SX1211-G0B1RE\Obj\STM32G0xx_HAL_Driver_14800413719917403617.dir\stm32g0xx_hal_dma.o
#        C:\Users\d.chollet\Documents\STM32\SX1211-G0B1RE\EWARM\SX1211-G0B1RE\Obj\STM32G0xx_HAL_Driver_14800413719917403617.dir\stm32g0xx_hal_dma_ex.o
#        C:\Users\d.chollet\Documents\STM32\SX1211-G0B1RE\EWARM\SX1211-G0B1RE\Obj\STM32G0xx_HAL_Driver_14800413719917403617.dir\stm32g0xx_hal_exti.o
#        C:\Users\d.chollet\Documents\STM32\SX1211-G0B1RE\EWARM\SX1211-G0B1RE\Obj\STM32G0xx_HAL_Driver_14800413719917403617.dir\stm32g0xx_hal_flash.o
#        C:\Users\d.chollet\Documents\STM32\SX1211-G0B1RE\EWARM\SX1211-G0B1RE\Obj\STM32G0xx_HAL_Driver_14800413719917403617.dir\stm32g0xx_hal_flash_ex.o
#        C:\Users\d.chollet\Documents\STM32\SX1211-G0B1RE\EWARM\SX1211-G0B1RE\Obj\STM32G0xx_HAL_Driver_14800413719917403617.dir\stm32g0xx_hal_gpio.o
#        C:\Users\d.chollet\Documents\STM32\SX1211-G0B1RE\EWARM\SX1211-G0B1RE\Obj\Core_13247989168731456611.dir\stm32g0xx_hal_msp.o
#        C:\Users\d.chollet\Documents\STM32\SX1211-G0B1RE\EWARM\SX1211-G0B1RE\Obj\STM32G0xx_HAL_Driver_14800413719917403617.dir\stm32g0xx_hal_pwr.o
#        C:\Users\d.chollet\Documents\STM32\SX1211-G0B1RE\EWARM\SX1211-G0B1RE\Obj\STM32G0xx_HAL_Driver_14800413719917403617.dir\stm32g0xx_hal_pwr_ex.o
#        C:\Users\d.chollet\Documents\STM32\SX1211-G0B1RE\EWARM\SX1211-G0B1RE\Obj\STM32G0xx_HAL_Driver_14800413719917403617.dir\stm32g0xx_hal_rcc.o
#        C:\Users\d.chollet\Documents\STM32\SX1211-G0B1RE\EWARM\SX1211-G0B1RE\Obj\STM32G0xx_HAL_Driver_14800413719917403617.dir\stm32g0xx_hal_rcc_ex.o
#        C:\Users\d.chollet\Documents\STM32\SX1211-G0B1RE\EWARM\SX1211-G0B1RE\Obj\STM32G0xx_HAL_Driver_14800413719917403617.dir\stm32g0xx_hal_rtc.o
#        C:\Users\d.chollet\Documents\STM32\SX1211-G0B1RE\EWARM\SX1211-G0B1RE\Obj\STM32G0xx_HAL_Driver_14800413719917403617.dir\stm32g0xx_hal_rtc_ex.o
#        C:\Users\d.chollet\Documents\STM32\SX1211-G0B1RE\EWARM\SX1211-G0B1RE\Obj\STM32G0xx_HAL_Driver_14800413719917403617.dir\stm32g0xx_hal_spi.o
#        C:\Users\d.chollet\Documents\STM32\SX1211-G0B1RE\EWARM\SX1211-G0B1RE\Obj\STM32G0xx_HAL_Driver_14800413719917403617.dir\stm32g0xx_hal_spi_ex.o
#        C:\Users\d.chollet\Documents\STM32\SX1211-G0B1RE\EWARM\SX1211-G0B1RE\Obj\STM32G0xx_HAL_Driver_14800413719917403617.dir\stm32g0xx_hal_tim.o
#        C:\Users\d.chollet\Documents\STM32\SX1211-G0B1RE\EWARM\SX1211-G0B1RE\Obj\STM32G0xx_HAL_Driver_14800413719917403617.dir\stm32g0xx_hal_tim_ex.o
#        C:\Users\d.chollet\Documents\STM32\SX1211-G0B1RE\EWARM\SX1211-G0B1RE\Obj\STM32G0xx_HAL_Driver_14800413719917403617.dir\stm32g0xx_hal_uart.o
#        C:\Users\d.chollet\Documents\STM32\SX1211-G0B1RE\EWARM\SX1211-G0B1RE\Obj\STM32G0xx_HAL_Driver_14800413719917403617.dir\stm32g0xx_hal_uart_ex.o
#        C:\Users\d.chollet\Documents\STM32\SX1211-G0B1RE\EWARM\SX1211-G0B1RE\Obj\Core_13247989168731456611.dir\stm32g0xx_it.o
#        C:\Users\d.chollet\Documents\STM32\SX1211-G0B1RE\EWARM\SX1211-G0B1RE\Obj\STM32G0xx_HAL_Driver_14800413719917403617.dir\stm32g0xx_ll_rcc.o
#        C:\Users\d.chollet\Documents\STM32\SX1211-G0B1RE\EWARM\SX1211-G0B1RE\Obj\Core_13247989168731456611.dir\stm_eeprom.o
#        C:\Users\d.chollet\Documents\STM32\SX1211-G0B1RE\EWARM\SX1211-G0B1RE\Obj\Core_13247989168731456611.dir\sx1211.o
#        C:\Users\d.chollet\Documents\STM32\SX1211-G0B1RE\EWARM\SX1211-G0B1RE\Obj\CMSIS_6603591812247902717.dir\system_stm32g0xx.o
#        C:\Users\d.chollet\Documents\STM32\SX1211-G0B1RE\EWARM\SX1211-G0B1RE\Obj\Core_13247989168731456611.dir\usart.o
#        --no_out_extension -o
#        C:\Users\d.chollet\Documents\STM32\SX1211-G0B1RE\EWARM\SX1211-G0B1RE\Exe\SX1211-G0B1RE.out
#        --redirect _Printf=_PrintfFullNoMb --redirect _Scanf=_ScanfFullNoMb
#        --map
#        C:\Users\d.chollet\Documents\STM32\SX1211-G0B1RE\EWARM\SX1211-G0B1RE\List\SX1211-G0B1RE.map
#        --config
#        C:\Users\d.chollet\Documents\STM32\SX1211-G0B1RE\EWARM/stm32g0b1xx_flash.icf
#        --semihosting --entry __iar_program_start --vfe --text_out locale
#        --cpu=Cortex-M0+ --fpu=None) --dependencies=n
#        C:\Users\d.chollet\Documents\STM32\SX1211-G0B1RE\EWARM\SX1211-G0B1RE\Exe\SX1211-G0B1RE.out.iar_deps
#
###############################################################################

*******************************************************************************
*** RUNTIME MODEL ATTRIBUTES
***

CppFlavor       = *
__CPP_Runtime   = 1
__SystemLibrary = DLib
__dlib_version  = 6


*******************************************************************************
*** HEAP SELECTION
***

The basic heap was selected because --advanced_heap
was not specified and the application did not appear to
be primarily optimized for speed.


*******************************************************************************
*** PLACEMENT SUMMARY
***

"A0":  place at address 0x800'0000 { ro section .intvec };
"P1":  place in [from 0x800'0000 to 0x807'ffff] { ro };
define block CSTACK with size = 1K, alignment = 8 { };
define block HEAP with size = 512, alignment = 8 { };
"P2":  place in [from 0x2000'0000 to 0x2002'3fff] {
          rw, block CSTACK, block HEAP };
initialize by copy { rw };

  Section            Kind         Address  Alignment    Size  Object
  -------            ----         -------  ---------    ----  ------
"A0":                                                   0xbc
  .intvec            ro code   0x800'0000          4    0xbc  startup_stm32g0b1xx.o [3]
                             - 0x800'00bc               0xbc

"P1":                                                 0x3116
  .text              ro code   0x800'00bc          4   0x734  stm32g0xx_hal_spi.o [4]
  .text              ro code   0x800'07f0          4    0xa4  spi.o [2]
  .text              ro code   0x800'0894          4     0xc  stm32g0xx_hal.o [4]
  .text              ro code   0x800'08a0          4   0x288  main.o [2]
  .text              ro code   0x800'0b28          4    0x10  ABImemset_small.o [7]
  .text              ro code   0x800'0b38          4   0x1c4  stm32g0xx_hal_gpio.o [4]
  .text              ro code   0x800'0cfc          4   0x41c  sx1211.o [2]
  .text              ro code   0x800'1118          4     0xe  strlen.o [7]
  .text              ro code   0x800'1126          2     0x2  startup_stm32g0b1xx.o [3]
  .text              ro code   0x800'1128          4   0x6a4  stm32g0xx_hal_uart.o [4]
  .text              ro code   0x800'17cc          4    0x40  stm32g0xx_hal.o [4]
  .text              ro code   0x800'180c          4    0xe8  gpio.o [2]
  .text              ro code   0x800'18f4          4    0xe0  usart.o [2]
  .text              ro code   0x800'19d4          4    0x28  stm32g0xx_hal.o [4]
  .text              ro code   0x800'19fc          4   0x3c6  Modbus.o [2]
  .text              ro code   0x800'1dc2          2     0x2  startup_stm32g0b1xx.o [3]
  .text              ro code   0x800'1dc4          4    0x4c  stm32g0xx_hal_pwr_ex.o [4]
  .text              ro code   0x800'1e10          4   0x658  stm32g0xx_hal_rcc.o [4]
  .text              ro code   0x800'2468          2     0x2  stm32g0xx_hal_gpio.o [4]
  .text              ro code   0x800'246a          2     0x2  stm32g0xx_hal_gpio.o [4]
  .text              ro code   0x800'246c          4    0x5e  I32DivMod.o [7]
  .text              ro code   0x800'24ca          2    0x7c  I64DivMod.o [7]
  .text              ro code   0x800'2546          2     0x2  startup_stm32g0b1xx.o [3]
  .text              ro code   0x800'2548          4    0x4c  stm32g0xx_hal.o [4]
  .text              ro code   0x800'2594          4    0x34  stm32g0xx_hal_msp.o [2]
  .text              ro code   0x800'25c8          4   0x118  stm32g0xx_hal_uart_ex.o [4]
  .text              ro code   0x800'26e0          4   0x29c  stm32g0xx_hal_rcc_ex.o [4]
  .text              ro code   0x800'297c          4    0x4e  ABImemcpy.o [7]
  .text              ro code   0x800'29ca          2     0x2  startup_stm32g0b1xx.o [3]
  .text              ro code   0x800'29cc          4    0x4c  EEPROM.o [2]
  .text              ro code   0x800'2a18          4     0x2  IntDivZer.o [7]
  .text              ro code   0x800'2a1a          2     0x2  startup_stm32g0b1xx.o [3]
  .text              ro code   0x800'2a1c          4     0x2  I64DivZer.o [7]
  .text              ro code   0x800'2a1e          2     0x2  startup_stm32g0b1xx.o [3]
  .text              ro code   0x800'2a20          4    0x78  stm32g0xx_hal_cortex.o [4]
  Veneer             ro code   0x800'2a98          4    0x10  - Linker created -
  .text              ro code   0x800'2aa8          4   0x134  stm32g0xx_hal_flash.o [4]
  .text              ro code   0x800'2bdc          4   0x296  stm_eeprom.o [2]
  .text              ro code   0x800'2e72          2     0x2  startup_stm32g0b1xx.o [3]
  .text              ro code   0x800'2e74          4    0xc8  stm32g0xx_hal_flash_ex.o [4]
  Initializer bytes  const     0x800'2f3c          4    0x9c  <for P2-1>
  .rodata            const     0x800'2fd8          4    0x40  system_stm32g0xx.o [1]
  .text              ro code   0x800'3018          2    0x3c  zero_init3.o [7]
  .text              ro code   0x800'3054          2    0x30  copy_init3.o [7]
  .text              ro code   0x800'3084          2    0x2e  stm32g0xx_it.o [2]
  .text              ro code   0x800'30b2          2     0x2  startup_stm32g0b1xx.o [3]
  .text              ro code   0x800'30b4          4    0x10  stm32g0xx_hal.o [4]
  .text              ro code   0x800'30c4          4    0x28  data_init.o [7]
  .iar.init_table    const     0x800'30ec          4    0x24  - Linker created -
  .rodata            const     0x800'3110          4    0x20  system_stm32g0xx.o [1]
  .text              ro code   0x800'3130          4    0x1e  cmain.o [7]
  .text              ro code   0x800'314e          2     0x4  low_level_init.o [5]
  .text              ro code   0x800'3152          2     0x8  exit.o [5]
  .text              ro code   0x800'315a          2     0x2  startup_stm32g0b1xx.o [3]
  .text              ro code   0x800'315c          4     0xa  cexit.o [7]
  .text              ro code   0x800'3166          2     0x2  startup_stm32g0b1xx.o [3]
  .text              ro code   0x800'3168          4    0x14  exit.o [8]
  .text              ro code   0x800'317c          4    0x1c  cstartup_M.o [7]
  .text              ro code   0x800'3198          4    0x10  startup_stm32g0b1xx.o [3]
  .text              ro code   0x800'31a8          2     0x2  startup_stm32g0b1xx.o [3]
  .text              ro code   0x800'31aa          2     0x2  startup_stm32g0b1xx.o [3]
  .text              ro code   0x800'31ac          2     0x2  startup_stm32g0b1xx.o [3]
  .text              ro code   0x800'31ae          2     0x2  startup_stm32g0b1xx.o [3]
  .text              ro code   0x800'31b0          2     0x2  startup_stm32g0b1xx.o [3]
  .text              ro code   0x800'31b2          2     0x2  startup_stm32g0b1xx.o [3]
  .text              ro code   0x800'31b4          2     0x2  startup_stm32g0b1xx.o [3]
  .text              ro code   0x800'31b6          2     0x2  startup_stm32g0b1xx.o [3]
  .text              ro code   0x800'31b8          2     0x2  startup_stm32g0b1xx.o [3]
  .text              ro code   0x800'31ba          2     0x2  startup_stm32g0b1xx.o [3]
  .text              ro code   0x800'31bc          2     0x2  startup_stm32g0b1xx.o [3]
  .text              ro code   0x800'31be          2     0x2  startup_stm32g0b1xx.o [3]
  .text              ro code   0x800'31c0          2     0x2  startup_stm32g0b1xx.o [3]
  .text              ro code   0x800'31c2          2     0x2  startup_stm32g0b1xx.o [3]
  .text              ro code   0x800'31c4          2     0x2  startup_stm32g0b1xx.o [3]
  .text              ro code   0x800'31c6          2     0x2  startup_stm32g0b1xx.o [3]
  .text              ro code   0x800'31c8          2     0x2  startup_stm32g0b1xx.o [3]
  .text              ro code   0x800'31ca          2     0x2  startup_stm32g0b1xx.o [3]
  .text              ro code   0x800'31cc          2     0x2  startup_stm32g0b1xx.o [3]
  .text              ro code   0x800'31d0          4     0x2  system_stm32g0xx.o [1]
  .rodata            const     0x800'31d2                0x0  zero_init3.o [7]
  .rodata            const     0x800'31d2                0x0  copy_init3.o [7]
                             - 0x800'31d2             0x3116

"P2", part 1 of 3:                                      0x9c
  P2-1                        0x2000'0000          4    0x9c  <Init block>
    .data            inited   0x2000'0000          4    0x48  EEPROM.o [2]
    .data            inited   0x2000'0048          4     0xc  stm32g0xx_hal.o [4]
    .data            inited   0x2000'0054          4     0xc  sx1211.o [2]
    .data            inited   0x2000'0060          4     0x4  system_stm32g0xx.o [1]
    .textrw          inited   0x2000'0064          4    0x38  stm32g0xx_hal_flash.o [4]
                            - 0x2000'009c               0x9c

"P2", part 2 of 3:                                     0x3b0
  .bss               zero     0x2000'009c          4   0x11c  main.o [2]
  .bss               zero     0x2000'01b8          4    0x94  Modbus.o [2]
  .bss               zero     0x2000'024c          4    0x94  usart.o [2]
  .bss               zero     0x2000'02e0          4    0x64  spi.o [2]
  .bss               zero     0x2000'0344          4    0x48  EEPROM.o [2]
  .bss               zero     0x2000'038c          4    0x3c  Modbus.o [2]
  .bss               zero     0x2000'03c8          4    0x30  Modbus.o [2]
  .bss               zero     0x2000'03f8          4    0x28  Modbus.o [2]
  .bss               zero     0x2000'0420          4    0x1c  stm32g0xx_hal_flash.o [4]
  .bss               zero     0x2000'043c          2     0x2  EEPROM.o [2]
  .bss               zero     0x2000'043e                0x2  EEPROM.o [2]
  .bss               zero     0x2000'0440                0x2  EEPROM.o [2]
  .bss               zero     0x2000'0442          2     0x2  main.o [2]
  .bss               zero     0x2000'0444                0x2  sx1211.o [2]
  .bss               zero     0x2000'0446                0x1  EEPROM.o [2]
  .bss               zero     0x2000'0447                0x1  main.o [2]
  .bss               zero     0x2000'0448                0x1  main.o [2]
  .bss               zero     0x2000'0449                0x1  main.o [2]
  .bss               zero     0x2000'044a                0x1  Modbus.o [2]
                            - 0x2000'044b              0x3af

"P2", part 3 of 3:                                     0x400
  CSTACK                      0x2000'0450          8   0x400  <Block>
    CSTACK           uninit   0x2000'0450              0x400  <Block tail>
                            - 0x2000'0850              0x400

Unused ranges:

         From           To      Size
         ----           --      ----
   0x800'31d2   0x807'ffff  0x7'ce2e
  0x2000'044c  0x2000'044f       0x4
  0x2000'0850  0x2002'3fff  0x2'37b0


*******************************************************************************
*** INIT TABLE
***

          Address      Size
          -------      ----
Zero (__iar_zero_init3)
    1 destination range, total size 0x3af:
          0x2000'009c  0x3af

Copy (__iar_copy_init3)
    1 source range, total size 0x9c:
           0x800'2f3c   0x9c
    1 destination range, total size 0x9c:
          0x2000'0000   0x9c



*******************************************************************************
*** MODULE SUMMARY
***

    Module                    ro code  rw code  ro data  rw data
    ------                    -------  -------  -------  -------
command line/config:
    ------------------------------------------------------------
    Total:

C:\Users\d.chollet\Documents\STM32\SX1211-G0B1RE\EWARM\SX1211-G0B1RE\Obj\CMSIS_6603591812247902717.dir: [1]
    system_stm32g0xx.o              2               100        4
    ------------------------------------------------------------
    Total:                          2               100        4

C:\Users\d.chollet\Documents\STM32\SX1211-G0B1RE\EWARM\SX1211-G0B1RE\Obj\Core_13247989168731456611.dir: [2]
    EEPROM.o                       76                72      151
    Modbus.o                      966                        297
    gpio.o                        232
    main.o                        648                        289
    spi.o                         164                        100
    stm32g0xx_hal_msp.o            52
    stm32g0xx_it.o                 46
    stm_eeprom.o                  662
    sx1211.o                    1'052                12       14
    usart.o                       224                        148
    ------------------------------------------------------------
    Total:                      4'122                84      999

C:\Users\d.chollet\Documents\STM32\SX1211-G0B1RE\EWARM\SX1211-G0B1RE\Obj\EWARM_18443280873093131863.dir: [3]
    startup_stm32g0b1xx.o         262
    ------------------------------------------------------------
    Total:                        262

C:\Users\d.chollet\Documents\STM32\SX1211-G0B1RE\EWARM\SX1211-G0B1RE\Obj\STM32G0xx_HAL_Driver_14800413719917403617.dir: [4]
    stm32g0xx_hal.o               208                12       12
    stm32g0xx_hal_cortex.o        120
    stm32g0xx_hal_flash.o         308       56       56       28
    stm32g0xx_hal_flash_ex.o      200
    stm32g0xx_hal_gpio.o          456
    stm32g0xx_hal_pwr_ex.o         76
    stm32g0xx_hal_rcc.o         1'624
    stm32g0xx_hal_rcc_ex.o        668
    stm32g0xx_hal_spi.o         1'844
    stm32g0xx_hal_uart.o        1'700
    stm32g0xx_hal_uart_ex.o       280
    ------------------------------------------------------------
    Total:                      7'484       56       68       40

dl6M_tlf.a: [5]
    exit.o                          8
    low_level_init.o                4
    ------------------------------------------------------------
    Total:                         12

m6M_tl.a: [6]
    ------------------------------------------------------------
    Total:

rt6M_tl.a: [7]
    ABImemcpy.o                    78
    ABImemset_small.o              16
    I32DivMod.o                    94
    I64DivMod.o                   124
    I64DivZer.o                     2
    IntDivZer.o                     2
    cexit.o                        10
    cmain.o                        30
    copy_init3.o                   48
    cstartup_M.o                   28
    data_init.o                    40
    strlen.o                       14
    zero_init3.o                   60
    ------------------------------------------------------------
    Total:                        546

shb_l.a: [8]
    exit.o                         20
    ------------------------------------------------------------
    Total:                         20

    Gaps                            2
    Linker created                 16                36    1'024
----------------------------------------------------------------
    Grand Total:               12'466       56      288    2'067


*******************************************************************************
*** ENTRY LIST
***

Entry                       Address   Size  Type      Object
-----                       -------   ----  ----      ------
.iar.init_table$$Base    0x800'30ec          --   Gb  - Linker created -
.iar.init_table$$Limit   0x800'3110          --   Gb  - Linker created -
?main                    0x800'3131         Code  Gb  cmain.o [7]
ADC1_COMP_IRQHandler     0x800'31a9         Code  Wk  startup_stm32g0b1xx.o [3]
AHBPrescTable            0x800'2fd8   0x40  Data  Gb  system_stm32g0xx.o [1]
APBPrescTable            0x800'3110   0x20  Data  Gb  system_stm32g0xx.o [1]
BSP_Wait1us              0x800'10e3    0xe  Code  Gb  sx1211.o [2]
BSP_WaitXus              0x800'10f1   0x12  Code  Gb  sx1211.o [2]
CEC_IRQHandler           0x800'31cd         Code  Wk  startup_stm32g0b1xx.o [3]
CSTACK$$Base            0x2000'0450          --   Gb  - Linker created -
CSTACK$$Limit           0x2000'0850          --   Gb  - Linker created -
CleCom                  0x2000'01b0    0x1  Data  Gb  main.o [2]
DMA1_Ch4_7_DMA2_Ch1_5_DMAMUX1_OVR_IRQHandler
                         0x800'3167         Code  Wk  startup_stm32g0b1xx.o [3]
DMA1_Channel1_IRQHandler
                         0x800'30b3         Code  Wk  startup_stm32g0b1xx.o [3]
DMA1_Channel2_3_IRQHandler
                         0x800'315b         Code  Wk  startup_stm32g0b1xx.o [3]
Dec2Bcd                  0x800'19fd   0x1a  Code  Gb  Modbus.o [2]
EEP_Error               0x2000'0441    0x1  Data  Gb  EEPROM.o [2]
EEP_Status              0x2000'0440    0x1  Data  Gb  EEPROM.o [2]
EEP_Update               0x800'29cd   0x3c  Code  Gb  EEPROM.o [2]
EE_FindPage              0x800'2c5f   0x7c  Code  Lc  stm_eeprom.o [2]
EE_PageErase             0x800'2e51   0x22  Code  Lc  stm_eeprom.o [2]
EE_PageTransfer          0x800'2d45   0xe6  Code  Lc  stm_eeprom.o [2]
EE_ReadVariable          0x800'2bdd   0x68  Code  Gb  stm_eeprom.o [2]
EE_VerifyPageFullWriteVariable
                         0x800'2ce1   0x5c  Code  Lc  stm_eeprom.o [2]
EE_WriteVariable         0x800'2c45   0x1a  Code  Gb  stm_eeprom.o [2]
EXTI0_1_IRQHandler       0x800'2a1f         Code  Wk  startup_stm32g0b1xx.o [3]
EXTI2_3_IRQHandler       0x800'3095    0xa  Code  Gb  stm32g0xx_it.o [2]
EXTI4_15_IRQHandler      0x800'309f   0x14  Code  Gb  stm32g0xx_it.o [2]
Error_Handler            0x800'0a5d    0x4  Code  Gb  main.o [2]
FLASH_IRQHandler         0x800'29cb         Code  Wk  startup_stm32g0b1xx.o [3]
FLASH_PageErase          0x800'2f05   0x26  Code  Gb  stm32g0xx_hal_flash_ex.o [4]
FLASH_Program_DoubleWord
                         0x800'2ba5   0x18  Code  Lc  stm32g0xx_hal_flash.o [4]
FLASH_Program_Fast      0x2000'0065   0x38  Code  Lc  stm32g0xx_hal_flash.o [4]
FLASH_WaitForLastOperation
                         0x800'2b49   0x5c  Code  Gb  stm32g0xx_hal_flash.o [4]
HAL_Delay                0x800'19d5   0x28  Code  Wk  stm32g0xx_hal.o [4]
HAL_FLASHEx_Erase        0x800'2e75   0x88  Code  Gb  stm32g0xx_hal_flash_ex.o [4]
HAL_FLASH_Lock           0x800'2b23   0x12  Code  Gb  stm32g0xx_hal_flash.o [4]
HAL_FLASH_Program        0x800'2aa9   0x5a  Code  Gb  stm32g0xx_hal_flash.o [4]
HAL_FLASH_Unlock         0x800'2b03   0x20  Code  Gb  stm32g0xx_hal_flash.o [4]
HAL_GPIO_EXTI_Falling_Callback
                         0x800'246b    0x2  Code  Wk  stm32g0xx_hal_gpio.o [4]
HAL_GPIO_EXTI_IRQHandler
                         0x800'0cb7   0x26  Code  Gb  stm32g0xx_hal_gpio.o [4]
HAL_GPIO_EXTI_Rising_Callback
                         0x800'2469    0x2  Code  Wk  stm32g0xx_hal_gpio.o [4]
HAL_GPIO_Init            0x800'0b39  0x166  Code  Gb  stm32g0xx_hal_gpio.o [4]
HAL_GPIO_ReadPin         0x800'0c9f    0xc  Code  Gb  stm32g0xx_hal_gpio.o [4]
HAL_GPIO_WritePin        0x800'0cab    0xc  Code  Gb  stm32g0xx_hal_gpio.o [4]
HAL_GetTick              0x800'0895    0xc  Code  Wk  stm32g0xx_hal.o [4]
HAL_IncTick              0x800'30b5   0x10  Code  Wk  stm32g0xx_hal.o [4]
HAL_Init                 0x800'17cd   0x24  Code  Gb  stm32g0xx_hal.o [4]
HAL_InitTick             0x800'2549   0x4c  Code  Wk  stm32g0xx_hal.o [4]
HAL_MspInit              0x800'2595   0x34  Code  Gb  stm32g0xx_hal_msp.o [2]
HAL_NVIC_SetPriority     0x800'2a5b    0x8  Code  Gb  stm32g0xx_hal_cortex.o [4]
HAL_PWREx_ControlVoltageScaling
                         0x800'1dc5   0x3a  Code  Gb  stm32g0xx_hal_pwr_ex.o [4]
HAL_RCCEx_PeriphCLKConfig
                         0x800'26e1  0x266  Code  Gb  stm32g0xx_hal_rcc_ex.o [4]
HAL_RCC_ClockConfig      0x800'223d  0x14e  Code  Gb  stm32g0xx_hal_rcc.o [4]
HAL_RCC_GetPCLK1Freq     0x800'241b   0x1a  Code  Gb  stm32g0xx_hal_rcc.o [4]
HAL_RCC_GetSysClockFreq
                         0x800'2399   0x82  Code  Gb  stm32g0xx_hal_rcc.o [4]
HAL_RCC_OscConfig        0x800'1e11  0x41c  Code  Gb  stm32g0xx_hal_rcc.o [4]
HAL_SPI_Init             0x800'00bd  0x104  Code  Gb  stm32g0xx_hal_spi.o [4]
HAL_SPI_MspInit          0x800'0833   0x56  Code  Gb  spi.o [2]
HAL_SPI_Transmit         0x800'01c1  0x1c8  Code  Gb  stm32g0xx_hal_spi.o [4]
HAL_SPI_TransmitReceive
                         0x800'0391  0x248  Code  Gb  stm32g0xx_hal_spi.o [4]
HAL_SYSCFG_StrobeDBattpinsConfig
                         0x800'17f1    0xe  Code  Gb  stm32g0xx_hal.o [4]
HAL_SYSTICK_Config       0x800'2a65   0x28  Code  Gb  stm32g0xx_hal_cortex.o [4]
HAL_UARTEx_DisableFifoMode
                         0x800'25c9   0x3a  Code  Gb  stm32g0xx_hal_uart_ex.o [4]
HAL_UARTEx_SetRxFifoThreshold
                         0x800'2635   0x30  Code  Gb  stm32g0xx_hal_uart_ex.o [4]
HAL_UARTEx_SetTxFifoThreshold
                         0x800'2603   0x32  Code  Gb  stm32g0xx_hal_uart_ex.o [4]
HAL_UART_Init            0x800'1129   0x66  Code  Gb  stm32g0xx_hal_uart.o [4]
HAL_UART_MspInit         0x800'1957   0x70  Code  Gb  usart.o [2]
HAL_UART_Transmit        0x800'1195   0xda  Code  Gb  stm32g0xx_hal_uart.o [4]
HardFault_Handler        0x800'3087    0x2  Code  Gb  stm32g0xx_it.o [2]
I2C1_IRQHandler          0x800'31bf         Code  Wk  startup_stm32g0b1xx.o [3]
I2C2_3_IRQHandler        0x800'31c1         Code  Wk  startup_stm32g0b1xx.o [3]
MODBUS_mb_req_pdu        0x800'1ae9  0x262  Code  Gb  Modbus.o [2]
MODBUS_sendr_req_pdu     0x800'1dad   0x16  Code  Gb  Modbus.o [2]
MX_GPIO_Init             0x800'180d   0xe8  Code  Gb  gpio.o [2]
MX_SPI1_Init             0x800'07f1   0x42  Code  Gb  spi.o [2]
MX_USART2_UART_Init      0x800'18f5   0x62  Code  Gb  usart.o [2]
NMI_Handler              0x800'3085    0x2  Code  Gb  stm32g0xx_it.o [2]
PVD_VDDIO2_IRQHandler    0x800'1dc3         Code  Wk  startup_stm32g0b1xx.o [3]
PendSV_Handler           0x800'308b    0x2  Code  Gb  stm32g0xx_it.o [2]
PreMode                 0x2000'0055    0x1  Data  Lc  sx1211.o [2]
RCC_CRS_IRQHandler       0x800'2a1b         Code  Wk  startup_stm32g0b1xx.o [3]
RF_Configuration         0x800'0d19   0x58  Code  Gb  sx1211.o [2]
RF_GetRSSI               0x800'101b    0x6  Code  Gb  sx1211.o [2]
RF_Keep_RXLV             0x800'1a17   0x18  Code  Gb  Modbus.o [2]
RF_ReceiveFrame          0x800'0d91   0xa6  Code  Gb  sx1211.o [2]
RF_SetCurrentNetid       0x800'0ff1   0x2a  Code  Gb  sx1211.o [2]
RF_TransmitFrame         0x800'0e37   0x84  Code  Gb  sx1211.o [2]
RF_WEB2THM               0x800'1a99   0x22  Code  Gb  Modbus.o [2]
RTC_TAMP_IRQHandler      0x800'2547         Code  Wk  startup_stm32g0b1xx.o [3]
ReadRegister             0x800'1073   0x4e  Code  Lc  sx1211.o [2]
Region$$Table$$Base      0x800'30ec          --   Gb  - Linker created -
Region$$Table$$Limit     0x800'3110          --   Gb  - Linker created -
RegistersCfg             0x800'0d70   0x20  Data  Gb  sx1211.o [2]
Reset_Handler            0x800'3199         Code  Wk  startup_stm32g0b1xx.o [3]
Rf_Level_Quality        0x2000'038c    0x1  Data  Gb  Modbus.o [2]
SFlags0                 0x2000'043c    0x2  Data  Gb  EEPROM.o [2]
SFlags2                 0x2000'043e    0x1  Data  Gb  EEPROM.o [2]
SFlags3                 0x2000'043f    0x1  Data  Gb  EEPROM.o [2]
SFlags6                 0x2000'0446    0x1  Data  Gb  EEPROM.o [2]
SPI1_IRQHandler          0x800'31c3         Code  Wk  startup_stm32g0b1xx.o [3]
SPI2_3_IRQHandler        0x800'31c5         Code  Wk  startup_stm32g0b1xx.o [3]
SPI2_SendByte            0x800'0cfd   0x1a  Code  Gb  sx1211.o [2]
SPI_EndRxTxTransaction   0x800'07a5   0x4c  Code  Lc  stm32g0xx_hal_spi.o [4]
SPI_WaitFifoStateUntilTimeout
                         0x800'06a7   0xf4  Code  Lc  stm32g0xx_hal_spi.o [4]
SPI_WaitFlagStateUntilTimeout
                         0x800'05e1   0xc6  Code  Lc  stm32g0xx_hal_spi.o [4]
SRAM2EEP                0x2000'0168   0x48  Data  Gb  main.o [2]
SRegistresRW_COM        0x2000'0390   0x38  Data  Gb  Modbus.o [2]
SRegistresRW_SAT_SGC    0x2000'03c8   0x30  Data  Gb  Modbus.o [2]
SRegistresRW_THM        0x2000'01b8   0x94  Data  Gb  Modbus.o [2]
SRegistresR_COM         0x2000'03f8   0x28  Data  Gb  Modbus.o [2]
SVC_Handler              0x800'3089    0x2  Code  Gb  stm32g0xx_it.o [2]
SendUART                 0x800'08a9   0x18  Code  Gb  main.o [2]
SetRFMode                0x800'0ebb  0x12c  Code  Gb  sx1211.o [2]
SysTick_Handler          0x800'308d    0x8  Code  Gb  stm32g0xx_it.o [2]
SystemClock_Config       0x800'0a01   0x5c  Code  Gb  main.o [2]
SystemCoreClock         0x2000'0060    0x4  Data  Gb  system_stm32g0xx.o [1]
SystemInit               0x800'31d1    0x2  Code  Gb  system_stm32g0xx.o [1]
TIM14_IRQHandler         0x800'31b7         Code  Wk  startup_stm32g0b1xx.o [3]
TIM15_IRQHandler         0x800'31b9         Code  Wk  startup_stm32g0b1xx.o [3]
TIM16_FDCAN_IT0_IRQHandler
                         0x800'31bb         Code  Wk  startup_stm32g0b1xx.o [3]
TIM17_FDCAN_IT1_IRQHandler
                         0x800'31bd         Code  Wk  startup_stm32g0b1xx.o [3]
TIM1_BRK_UP_TRG_COM_IRQHandler
                         0x800'31ab         Code  Wk  startup_stm32g0b1xx.o [3]
TIM1_CC_IRQHandler       0x800'31ad         Code  Wk  startup_stm32g0b1xx.o [3]
TIM2_IRQHandler          0x800'31af         Code  Wk  startup_stm32g0b1xx.o [3]
TIM3_TIM4_IRQHandler     0x800'31b1         Code  Wk  startup_stm32g0b1xx.o [3]
TIM6_DAC_LPTIM1_IRQHandler
                         0x800'31b3         Code  Wk  startup_stm32g0b1xx.o [3]
TIM7_LPTIM2_IRQHandler   0x800'31b5         Code  Wk  startup_stm32g0b1xx.o [3]
TrameEnvoie             0x2000'0124   0x44  Data  Gb  main.o [2]
TrameReq                0x2000'00e0   0x44  Data  Gb  main.o [2]
TrameRx                 0x2000'009c   0x44  Data  Gb  main.o [2]
UARTEx_SetNbDataToProcess
                         0x800'2685   0x4a  Code  Lc  stm32g0xx_hal_uart_ex.o [4]
UARTEx_SetNbDataToProcess::denominator
                         0x800'26d8    0x8  Data  Lc  stm32g0xx_hal_uart_ex.o [4]
UARTEx_SetNbDataToProcess::numerator
                         0x800'26d0    0x8  Data  Lc  stm32g0xx_hal_uart_ex.o [4]
UARTPrescTable           0x800'14e8   0x18  Data  Gb  stm32g0xx_hal_uart.o [4]
UART_AdvFeatureConfig    0x800'1501   0xc8  Code  Gb  stm32g0xx_hal_uart.o [4]
UART_CheckIdleState      0x800'15d5   0xae  Code  Gb  stm32g0xx_hal_uart.o [4]
UART_EndRxTransfer       0x800'1765   0x5e  Code  Lc  stm32g0xx_hal_uart.o [4]
UART_SetConfig           0x800'1271  0x24e  Code  Gb  stm32g0xx_hal_uart.o [4]
UART_WaitOnFlagUntilTimeout
                         0x800'16a9   0xa2  Code  Gb  stm32g0xx_hal_uart.o [4]
UPDT_BUF2SYS             0x800'1a63   0x36  Code  Gb  Modbus.o [2]
UPDT_SYS2BUF             0x800'1a2f   0x34  Code  Gb  Modbus.o [2]
USART1_IRQHandler        0x800'31c7         Code  Wk  startup_stm32g0b1xx.o [3]
USART2_LPUART2_IRQHandler
                         0x800'31c9         Code  Wk  startup_stm32g0b1xx.o [3]
USART3_4_5_6_LPUART1_IRQHandler
                         0x800'31cb         Code  Wk  startup_stm32g0b1xx.o [3]
USB_UCPD1_2_IRQHandler   0x800'2e73         Code  Wk  startup_stm32g0b1xx.o [3]
VarDataTab              0x2000'0344   0x48  Data  Gb  EEPROM.o [2]
VirtAddVarTab           0x2000'0000   0x48  Data  Gb  EEPROM.o [2]
WWDG_IRQHandler          0x800'1127         Code  Wk  startup_stm32g0b1xx.o [3]
Wait                     0x800'1103    0x8  Code  Gb  sx1211.o [2]
WriteFifo                0x800'10c1   0x22  Code  Lc  sx1211.o [2]
WriteRegister            0x800'102d   0x46  Code  Lc  sx1211.o [2]
__ICFEDIT_region_RAM_end__ {Abs}
                        0x2002'3fff          --   Gb  <internal module>
__ICFEDIT_region_RAM_start__ {Abs}
                        0x2000'0000          --   Gb  <internal module>
__NVIC_SetPriority       0x800'2a21   0x3a  Code  Lc  stm32g0xx_hal_cortex.o [4]
__aeabi_idiv0            0x800'2a19         Code  Gb  IntDivZer.o [7]
__aeabi_ldiv0            0x800'2a1d         Code  Gb  I64DivZer.o [7]
__aeabi_memcpy           0x800'29b1         Code  Gb  ABImemcpy.o [7]
__aeabi_memcpy4          0x800'297d         Code  Gb  ABImemcpy.o [7]
__aeabi_memcpy8          0x800'297d         Code  Gb  ABImemcpy.o [7]
__aeabi_uldivmod         0x800'24cb         Code  Gb  I64DivMod.o [7]
__cmain                  0x800'3131         Code  Gb  cmain.o [7]
__exit                   0x800'3169   0x14  Code  Gb  exit.o [8]
__iar_Memcpy             0x800'29bd         Code  Gb  ABImemcpy.o [7]
__iar_copy_init3         0x800'3055   0x30  Code  Gb  copy_init3.o [7]
__iar_data_init3         0x800'30c5   0x28  Code  Gb  data_init.o [7]
__iar_program_start      0x800'317d         Code  Gb  cstartup_M.o [7]
__iar_small_Memset4_word
                         0x800'0b2d         Code  Gb  ABImemset_small.o [7]
__iar_small_Memset_word
                         0x800'0b2d         Code  Gb  ABImemset_small.o [7]
__iar_small_idiv         0x800'246d         Code  Gb  I32DivMod.o [7]
__iar_small_idivmod      0x800'246d         Code  Gb  I32DivMod.o [7]
__iar_small_memclr       0x800'0b29         Code  Gb  ABImemset_small.o [7]
__iar_small_memclr4      0x800'0b29         Code  Gb  ABImemset_small.o [7]
__iar_small_memclr8      0x800'0b29         Code  Gb  ABImemset_small.o [7]
__iar_small_memset       0x800'0b2d         Code  Gb  ABImemset_small.o [7]
__iar_small_memset4      0x800'0b2d         Code  Gb  ABImemset_small.o [7]
__iar_small_memset8      0x800'0b2d         Code  Gb  ABImemset_small.o [7]
__iar_small_uidiv        0x800'2495         Code  Gb  I32DivMod.o [7]
__iar_small_uidivmod     0x800'2495         Code  Gb  I32DivMod.o [7]
__iar_zero_init3         0x800'3019   0x3c  Code  Gb  zero_init3.o [7]
__low_level_init         0x800'314f    0x4  Code  Gb  low_level_init.o [5]
__vector_table           0x800'0000         Data  Gb  startup_stm32g0b1xx.o [3]
_call_main               0x800'313d         Code  Gb  cmain.o [7]
_exit                    0x800'315d         Code  Gb  cexit.o [7]
aRxBuffer               0x2000'0445    0x1  Data  Gb  sx1211.o [2]
aTxBuffer               0x2000'0444    0x1  Data  Gb  sx1211.o [2]
exit                     0x800'3153    0x8  Code  Gb  exit.o [5]
hspi1                   0x2000'02e0   0x64  Data  Gb  spi.o [2]
huart2                  0x2000'024c   0x94  Data  Gb  usart.o [2]
l3_set_netid             0x800'08a1    0x8  Code  Gb  main.o [2]
main                     0x800'08c5  0x130  Code  Gb  main.o [2]
newnetid                0x2000'01b4    0x4  Data  Gb  main.o [2]
pFlash                  0x2000'0420   0x1c  Data  Gb  stm32g0xx_hal_flash.o [4]
strlen                   0x800'1119         Code  Gb  strlen.o [7]
ucMEMFAV_SA             0x2000'0447    0x1  Data  Gb  main.o [2]
ucMEMFAV_SJ             0x2000'0449    0x1  Data  Gb  main.o [2]
ucMEMFAV_SM             0x2000'0448    0x1  Data  Gb  main.o [2]
ucMRK_RXOVR             0x2000'0054    0x1  Data  Gb  sx1211.o [2]
ucRfValue               0x2000'0056    0x1  Data  Lc  sx1211.o [2]
ucTIM1TSWEBMODIF        0x2000'044a    0x1  Data  Gb  Modbus.o [2]
uiMEMFAV_CS             0x2000'0442    0x2  Data  Gb  main.o [2]
uiTIM5msRUN             0x2000'038e    0x2  Data  Gb  Modbus.o [2]
uifnMEMFAV_CS            0x800'1abb   0x1c  Code  Gb  Modbus.o [2]
ulmeas1                 0x2000'0058    0x4  Data  Gb  sx1211.o [2]
ulmeas2                 0x2000'005c    0x4  Data  Gb  sx1211.o [2]
uwTick                  0x2000'004c    0x4  Data  Gb  stm32g0xx_hal.o [4]
uwTickFreq              0x2000'0048    0x1  Data  Gb  stm32g0xx_hal.o [4]
uwTickPrio              0x2000'0050    0x4  Data  Gb  stm32g0xx_hal.o [4]


[1] = C:\Users\d.chollet\Documents\STM32\SX1211-G0B1RE\EWARM\SX1211-G0B1RE\Obj\CMSIS_6603591812247902717.dir
[2] = C:\Users\d.chollet\Documents\STM32\SX1211-G0B1RE\EWARM\SX1211-G0B1RE\Obj\Core_13247989168731456611.dir
[3] = C:\Users\d.chollet\Documents\STM32\SX1211-G0B1RE\EWARM\SX1211-G0B1RE\Obj\EWARM_18443280873093131863.dir
[4] = C:\Users\d.chollet\Documents\STM32\SX1211-G0B1RE\EWARM\SX1211-G0B1RE\Obj\STM32G0xx_HAL_Driver_14800413719917403617.dir
[5] = dl6M_tlf.a
[6] = m6M_tl.a
[7] = rt6M_tl.a
[8] = shb_l.a

  12'466 bytes of readonly  code memory
      56 bytes of readwrite code memory
     288 bytes of readonly  data memory
   2'067 bytes of readwrite data memory

Errors: none
Warnings: none
