###############################################################################
#
# IAR ELF Linker V9.60.2.399/W64 for ARM                  14/Feb/2025  15:43:59
# Copyright 2007-2024 IAR Systems AB.
#
#    Output file  =
#        C:\Users\d.chollet\Documents\STM32\SX1211-G0B1RE\EWARM\SX1211-G0B1RE\Exe\SX1211-G0B1RE.out
#    Map file     =
#        C:\Users\d.chollet\Documents\STM32\SX1211-G0B1RE\EWARM\SX1211-G0B1RE\List\SX1211-G0B1RE.map
#    Command line =
#        -f
#        C:\Users\d.chollet\Documents\STM32\SX1211-G0B1RE\EWARM\SX1211-G0B1RE\Exe\SX1211-G0B1RE.out.rsp
#        (C:\Users\d.chollet\Documents\STM32\SX1211-G0B1RE\EWARM\SX1211-G0B1RE\Obj\Core_13247989168731456611.dir\EEPROM.o
#        C:\Users\d.chollet\Documents\STM32\SX1211-G0B1RE\EWARM\SX1211-G0B1RE\Obj\Core_13247989168731456611.dir\gpio.o
#        C:\Users\d.chollet\Documents\STM32\SX1211-G0B1RE\EWARM\SX1211-G0B1RE\Obj\Core_13247989168731456611.dir\main.o
#        C:\Users\d.chollet\Documents\STM32\SX1211-G0B1RE\EWARM\SX1211-G0B1RE\Obj\Core_13247989168731456611.dir\Modbus.o
#        C:\Users\d.chollet\Documents\STM32\SX1211-G0B1RE\EWARM\SX1211-G0B1RE\Obj\Core_13247989168731456611.dir\spi.o
#        C:\Users\d.chollet\Documents\STM32\SX1211-G0B1RE\EWARM\SX1211-G0B1RE\Obj\EWARM_18443280873093131863.dir\startup_stm32g0b1xx.o
#        C:\Users\d.chollet\Documents\STM32\SX1211-G0B1RE\EWARM\SX1211-G0B1RE\Obj\STM32G0xx_HAL_Driver_14800413719917403617.dir\stm32g0xx_hal.o
#        C:\Users\d.chollet\Documents\STM32\SX1211-G0B1RE\EWARM\SX1211-G0B1RE\Obj\STM32G0xx_HAL_Driver_14800413719917403617.dir\stm32g0xx_hal_cortex.o
#        C:\Users\d.chollet\Documents\STM32\SX1211-G0B1RE\EWARM\SX1211-G0B1RE\Obj\STM32G0xx_HAL_Driver_14800413719917403617.dir\stm32g0xx_hal_dma.o
#        C:\Users\d.chollet\Documents\STM32\SX1211-G0B1RE\EWARM\SX1211-G0B1RE\Obj\STM32G0xx_HAL_Driver_14800413719917403617.dir\stm32g0xx_hal_dma_ex.o
#        C:\Users\d.chollet\Documents\STM32\SX1211-G0B1RE\EWARM\SX1211-G0B1RE\Obj\STM32G0xx_HAL_Driver_14800413719917403617.dir\stm32g0xx_hal_exti.o
#        C:\Users\d.chollet\Documents\STM32\SX1211-G0B1RE\EWARM\SX1211-G0B1RE\Obj\STM32G0xx_HAL_Driver_14800413719917403617.dir\stm32g0xx_hal_flash.o
#        C:\Users\d.chollet\Documents\STM32\SX1211-G0B1RE\EWARM\SX1211-G0B1RE\Obj\STM32G0xx_HAL_Driver_14800413719917403617.dir\stm32g0xx_hal_flash_ex.o
#        C:\Users\d.chollet\Documents\STM32\SX1211-G0B1RE\EWARM\SX1211-G0B1RE\Obj\STM32G0xx_HAL_Driver_14800413719917403617.dir\stm32g0xx_hal_gpio.o
#        C:\Users\d.chollet\Documents\STM32\SX1211-G0B1RE\EWARM\SX1211-G0B1RE\Obj\Core_13247989168731456611.dir\stm32g0xx_hal_msp.o
#        C:\Users\d.chollet\Documents\STM32\SX1211-G0B1RE\EWARM\SX1211-G0B1RE\Obj\STM32G0xx_HAL_Driver_14800413719917403617.dir\stm32g0xx_hal_pwr.o
#        C:\Users\d.chollet\Documents\STM32\SX1211-G0B1RE\EWARM\SX1211-G0B1RE\Obj\STM32G0xx_HAL_Driver_14800413719917403617.dir\stm32g0xx_hal_pwr_ex.o
#        C:\Users\d.chollet\Documents\STM32\SX1211-G0B1RE\EWARM\SX1211-G0B1RE\Obj\STM32G0xx_HAL_Driver_14800413719917403617.dir\stm32g0xx_hal_rcc.o
#        C:\Users\d.chollet\Documents\STM32\SX1211-G0B1RE\EWARM\SX1211-G0B1RE\Obj\STM32G0xx_HAL_Driver_14800413719917403617.dir\stm32g0xx_hal_rcc_ex.o
#        C:\Users\d.chollet\Documents\STM32\SX1211-G0B1RE\EWARM\SX1211-G0B1RE\Obj\STM32G0xx_HAL_Driver_14800413719917403617.dir\stm32g0xx_hal_rtc.o
#        C:\Users\d.chollet\Documents\STM32\SX1211-G0B1RE\EWARM\SX1211-G0B1RE\Obj\STM32G0xx_HAL_Driver_14800413719917403617.dir\stm32g0xx_hal_rtc_ex.o
#        C:\Users\d.chollet\Documents\STM32\SX1211-G0B1RE\EWARM\SX1211-G0B1RE\Obj\STM32G0xx_HAL_Driver_14800413719917403617.dir\stm32g0xx_hal_spi.o
#        C:\Users\d.chollet\Documents\STM32\SX1211-G0B1RE\EWARM\SX1211-G0B1RE\Obj\STM32G0xx_HAL_Driver_14800413719917403617.dir\stm32g0xx_hal_spi_ex.o
#        C:\Users\d.chollet\Documents\STM32\SX1211-G0B1RE\EWARM\SX1211-G0B1RE\Obj\STM32G0xx_HAL_Driver_14800413719917403617.dir\stm32g0xx_hal_tim.o
#        C:\Users\d.chollet\Documents\STM32\SX1211-G0B1RE\EWARM\SX1211-G0B1RE\Obj\STM32G0xx_HAL_Driver_14800413719917403617.dir\stm32g0xx_hal_tim_ex.o
#        C:\Users\d.chollet\Documents\STM32\SX1211-G0B1RE\EWARM\SX1211-G0B1RE\Obj\STM32G0xx_HAL_Driver_14800413719917403617.dir\stm32g0xx_hal_uart.o
#        C:\Users\d.chollet\Documents\STM32\SX1211-G0B1RE\EWARM\SX1211-G0B1RE\Obj\STM32G0xx_HAL_Driver_14800413719917403617.dir\stm32g0xx_hal_uart_ex.o
#        C:\Users\d.chollet\Documents\STM32\SX1211-G0B1RE\EWARM\SX1211-G0B1RE\Obj\Core_13247989168731456611.dir\stm32g0xx_it.o
#        C:\Users\d.chollet\Documents\STM32\SX1211-G0B1RE\EWARM\SX1211-G0B1RE\Obj\STM32G0xx_HAL_Driver_14800413719917403617.dir\stm32g0xx_ll_rcc.o
#        C:\Users\d.chollet\Documents\STM32\SX1211-G0B1RE\EWARM\SX1211-G0B1RE\Obj\Core_13247989168731456611.dir\stm_eeprom.o
#        C:\Users\d.chollet\Documents\STM32\SX1211-G0B1RE\EWARM\SX1211-G0B1RE\Obj\Core_13247989168731456611.dir\sx1211.o
#        C:\Users\d.chollet\Documents\STM32\SX1211-G0B1RE\EWARM\SX1211-G0B1RE\Obj\CMSIS_6603591812247902717.dir\system_stm32g0xx.o
#        C:\Users\d.chollet\Documents\STM32\SX1211-G0B1RE\EWARM\SX1211-G0B1RE\Obj\Core_13247989168731456611.dir\usart.o
#        --no_out_extension -o
#        C:\Users\d.chollet\Documents\STM32\SX1211-G0B1RE\EWARM\SX1211-G0B1RE\Exe\SX1211-G0B1RE.out
#        --redirect _Printf=_PrintfFullNoMb --redirect _Scanf=_ScanfFullNoMb
#        --map
#        C:\Users\d.chollet\Documents\STM32\SX1211-G0B1RE\EWARM\SX1211-G0B1RE\List\SX1211-G0B1RE.map
#        --config
#        C:\Users\d.chollet\Documents\STM32\SX1211-G0B1RE\EWARM/stm32g0b1xx_flash.icf
#        --semihosting --entry __iar_program_start --vfe --text_out locale
#        --cpu=Cortex-M0+ --fpu=None) --dependencies=n
#        C:\Users\d.chollet\Documents\STM32\SX1211-G0B1RE\EWARM\SX1211-G0B1RE\Exe\SX1211-G0B1RE.out.iar_deps
#
###############################################################################

*******************************************************************************
*** RUNTIME MODEL ATTRIBUTES
***

CppFlavor       = *
__CPP_Runtime   = 1
__SystemLibrary = DLib
__dlib_version  = 6


*******************************************************************************
*** HEAP SELECTION
***

The basic heap was selected because --advanced_heap
was not specified and the application did not appear to
be primarily optimized for speed.


*******************************************************************************
*** PLACEMENT SUMMARY
***

"A0":  place at address 0x800'0000 { ro section .intvec };
"P1":  place in [from 0x800'0000 to 0x807'ffff] { ro };
define block CSTACK with size = 1K, alignment = 8 { };
define block HEAP with size = 512, alignment = 8 { };
"P2":  place in [from 0x2000'0000 to 0x2002'3fff] {
          rw, block CSTACK, block HEAP };
initialize by copy { rw };

  Section            Kind         Address  Alignment    Size  Object
  -------            ----         -------  ---------    ----  ------
"A0":                                                   0xbc
  .intvec            ro code   0x800'0000          4    0xbc  startup_stm32g0b1xx.o [3]
                             - 0x800'00bc               0xbc

"P1":                                                 0x3076
  .text              ro code   0x800'00bc          4   0x734  stm32g0xx_hal_spi.o [4]
  .text              ro code   0x800'07f0          4    0xa4  spi.o [2]
  .text              ro code   0x800'0894          4     0xc  stm32g0xx_hal.o [4]
  .text              ro code   0x800'08a0          4   0x21c  main.o [2]
  .text              ro code   0x800'0abc          4    0x10  ABImemset_small.o [6]
  .text              ro code   0x800'0acc          4   0x1c4  stm32g0xx_hal_gpio.o [4]
  .text              ro code   0x800'0c90          4    0x68  EEPROM.o [2]
  .text              ro code   0x800'0cf8          4     0xe  strlen.o [6]
  .text              ro code   0x800'0d06          2     0x2  startup_stm32g0b1xx.o [3]
  .text              ro code   0x800'0d08          4   0x6a4  stm32g0xx_hal_uart.o [4]
  .text              ro code   0x800'13ac          4    0x40  stm32g0xx_hal.o [4]
  .text              ro code   0x800'13ec          4    0xe8  gpio.o [2]
  .text              ro code   0x800'14d4          4    0xe0  usart.o [2]
  .text              ro code   0x800'15b4          4   0x400  sx1211.o [2]
  .text              ro code   0x800'19b4          4    0x28  stm32g0xx_hal.o [4]
  .text              ro code   0x800'19dc          4   0x394  Modbus.o [2]
  .text              ro code   0x800'1d70          4    0x4c  stm32g0xx_hal_pwr_ex.o [4]
  .text              ro code   0x800'1dbc          4   0x658  stm32g0xx_hal_rcc.o [4]
  .text              ro code   0x800'2414          2     0x2  stm32g0xx_hal_gpio.o [4]
  .text              ro code   0x800'2416          2     0x2  stm32g0xx_hal_gpio.o [4]
  .text              ro code   0x800'2418          4    0x4e  ABImemcpy.o [6]
  .text              ro code   0x800'2466          2     0x2  startup_stm32g0b1xx.o [3]
  Veneer             ro code   0x800'2468          4    0x10  - Linker created -
  .text              ro code   0x800'2478          4   0x134  stm32g0xx_hal_flash.o [4]
  .text              ro code   0x800'25ac          4   0x296  stm_eeprom.o [2]
  .text              ro code   0x800'2842          2     0x2  startup_stm32g0b1xx.o [3]
  .text              ro code   0x800'2844          4    0x5e  I32DivMod.o [6]
  .text              ro code   0x800'28a2          2    0x7c  I64DivMod.o [6]
  .text              ro code   0x800'291e          2     0x2  startup_stm32g0b1xx.o [3]
  .text              ro code   0x800'2920          4    0x4c  stm32g0xx_hal.o [4]
  .text              ro code   0x800'296c          4    0x34  stm32g0xx_hal_msp.o [2]
  .text              ro code   0x800'29a0          4   0x118  stm32g0xx_hal_uart_ex.o [4]
  .text              ro code   0x800'2ab8          4   0x29c  stm32g0xx_hal_rcc_ex.o [4]
  .text              ro code   0x800'2d54          4    0xc8  stm32g0xx_hal_flash_ex.o [4]
  .text              ro code   0x800'2e1c          4     0x2  IntDivZer.o [6]
  .text              ro code   0x800'2e1e          2     0x2  startup_stm32g0b1xx.o [3]
  .text              ro code   0x800'2e20          4     0x2  I64DivZer.o [6]
  .text              ro code   0x800'2e22          2     0x2  startup_stm32g0b1xx.o [3]
  .text              ro code   0x800'2e24          4    0x78  stm32g0xx_hal_cortex.o [4]
  Initializer bytes  const     0x800'2e9c          4    0x9c  <for P2-1>
  .rodata            const     0x800'2f38          4    0x40  system_stm32g0xx.o [1]
  .text              ro code   0x800'2f78          2    0x3c  zero_init3.o [6]
  .text              ro code   0x800'2fb4          2    0x30  copy_init3.o [6]
  .text              ro code   0x800'2fe4          2    0x2e  stm32g0xx_it.o [2]
  .text              ro code   0x800'3012          2     0x2  startup_stm32g0b1xx.o [3]
  .text              ro code   0x800'3014          4    0x10  stm32g0xx_hal.o [4]
  .text              ro code   0x800'3024          4    0x28  data_init.o [6]
  .iar.init_table    const     0x800'304c          4    0x24  - Linker created -
  .rodata            const     0x800'3070          4    0x20  system_stm32g0xx.o [1]
  .text              ro code   0x800'3090          4    0x1e  cmain.o [6]
  .text              ro code   0x800'30ae          2     0x4  low_level_init.o [5]
  .text              ro code   0x800'30b2          2     0x8  exit.o [5]
  .text              ro code   0x800'30ba          2     0x2  startup_stm32g0b1xx.o [3]
  .text              ro code   0x800'30bc          4     0xa  cexit.o [6]
  .text              ro code   0x800'30c6          2     0x2  startup_stm32g0b1xx.o [3]
  .text              ro code   0x800'30c8          4    0x14  exit.o [7]
  .text              ro code   0x800'30dc          4    0x1c  cstartup_M.o [6]
  .text              ro code   0x800'30f8          4    0x10  startup_stm32g0b1xx.o [3]
  .text              ro code   0x800'3108          2     0x2  startup_stm32g0b1xx.o [3]
  .text              ro code   0x800'310a          2     0x2  startup_stm32g0b1xx.o [3]
  .text              ro code   0x800'310c          2     0x2  startup_stm32g0b1xx.o [3]
  .text              ro code   0x800'310e          2     0x2  startup_stm32g0b1xx.o [3]
  .text              ro code   0x800'3110          2     0x2  startup_stm32g0b1xx.o [3]
  .text              ro code   0x800'3112          2     0x2  startup_stm32g0b1xx.o [3]
  .text              ro code   0x800'3114          2     0x2  startup_stm32g0b1xx.o [3]
  .text              ro code   0x800'3116          2     0x2  startup_stm32g0b1xx.o [3]
  .text              ro code   0x800'3118          2     0x2  startup_stm32g0b1xx.o [3]
  .text              ro code   0x800'311a          2     0x2  startup_stm32g0b1xx.o [3]
  .text              ro code   0x800'311c          2     0x2  startup_stm32g0b1xx.o [3]
  .text              ro code   0x800'311e          2     0x2  startup_stm32g0b1xx.o [3]
  .text              ro code   0x800'3120          2     0x2  startup_stm32g0b1xx.o [3]
  .text              ro code   0x800'3122          2     0x2  startup_stm32g0b1xx.o [3]
  .text              ro code   0x800'3124          2     0x2  startup_stm32g0b1xx.o [3]
  .text              ro code   0x800'3126          2     0x2  startup_stm32g0b1xx.o [3]
  .text              ro code   0x800'3128          2     0x2  startup_stm32g0b1xx.o [3]
  .text              ro code   0x800'312a          2     0x2  startup_stm32g0b1xx.o [3]
  .text              ro code   0x800'312c          2     0x2  startup_stm32g0b1xx.o [3]
  .text              ro code   0x800'312e          2     0x2  startup_stm32g0b1xx.o [3]
  .text              ro code   0x800'3130          4     0x2  system_stm32g0xx.o [1]
  .rodata            const     0x800'3132                0x0  zero_init3.o [6]
  .rodata            const     0x800'3132                0x0  copy_init3.o [6]
                             - 0x800'3132             0x3076

"P2", part 1 of 3:                                      0x9c
  P2-1                        0x2000'0000          4    0x9c  <Init block>
    .data            inited   0x2000'0000          4    0x48  EEPROM.o [2]
    .data            inited   0x2000'0048          4     0xc  stm32g0xx_hal.o [4]
    .data            inited   0x2000'0054          4     0xc  sx1211.o [2]
    .data            inited   0x2000'0060          4     0x4  system_stm32g0xx.o [1]
    .textrw          inited   0x2000'0064          4    0x38  stm32g0xx_hal_flash.o [4]
                            - 0x2000'009c               0x9c

"P2", part 2 of 3:                                     0x388
  .bss               zero     0x2000'009c          4    0x94  Modbus.o [2]
  .bss               zero     0x2000'0130          4    0x94  usart.o [2]
  .bss               zero     0x2000'01c4          4    0x88  main.o [2]
  .bss               zero     0x2000'024c          4    0x64  Modbus.o [2]
  .bss               zero     0x2000'02b0          4    0x64  spi.o [2]
  .bss               zero     0x2000'0314          4    0x48  EEPROM.o [2]
  .bss               zero     0x2000'035c          4    0x48  main.o [2]
  .bss               zero     0x2000'03a4          4    0x32  Modbus.o [2]
  .bss               zero     0x2000'03d6                0x2  EEPROM.o [2]
  .bss               zero     0x2000'03d8          4    0x28  Modbus.o [2]
  .bss               zero     0x2000'0400          4    0x1c  stm32g0xx_hal_flash.o [4]
  .bss               zero     0x2000'041c          2     0x2  main.o [2]
  .bss               zero     0x2000'041e                0x1  main.o [2]
  .bss               zero     0x2000'041f                0x1  main.o [2]
  .bss               zero     0x2000'0420                0x1  main.o [2]
  .bss               zero     0x2000'0421                0x1  Modbus.o [2]
                            - 0x2000'0422              0x386

"P2", part 3 of 3:                                     0x400
  CSTACK                      0x2000'0428          8   0x400  <Block>
    CSTACK           uninit   0x2000'0428              0x400  <Block tail>
                            - 0x2000'0828              0x400

Unused ranges:

         From           To      Size
         ----           --      ----
   0x800'3132   0x807'ffff  0x7'cece
  0x2000'0424  0x2000'0427       0x4
  0x2000'0828  0x2002'3fff  0x2'37d8


*******************************************************************************
*** INIT TABLE
***

          Address      Size
          -------      ----
Zero (__iar_zero_init3)
    1 destination range, total size 0x386:
          0x2000'009c  0x386

Copy (__iar_copy_init3)
    1 source range, total size 0x9c:
           0x800'2e9c   0x9c
    1 destination range, total size 0x9c:
          0x2000'0000   0x9c



*******************************************************************************
*** MODULE SUMMARY
***

    Module                    ro code  rw code  ro data  rw data
    ------                    -------  -------  -------  -------
command line/config:
    ------------------------------------------------------------
    Total:

C:\Users\d.chollet\Documents\STM32\SX1211-G0B1RE\EWARM\SX1211-G0B1RE\Obj\CMSIS_6603591812247902717.dir: [1]
    system_stm32g0xx.o              2               100        4
    ------------------------------------------------------------
    Total:                          2               100        4

C:\Users\d.chollet\Documents\STM32\SX1211-G0B1RE\EWARM\SX1211-G0B1RE\Obj\Core_13247989168731456611.dir: [2]
    EEPROM.o                      104                72      146
    Modbus.o                      916                        339
    gpio.o                        232
    main.o                        540                        213
    spi.o                         164                        100
    stm32g0xx_hal_msp.o            52
    stm32g0xx_it.o                 46
    stm_eeprom.o                  662
    sx1211.o                    1'024                12       12
    usart.o                       224                        148
    ------------------------------------------------------------
    Total:                      3'964                84      958

C:\Users\d.chollet\Documents\STM32\SX1211-G0B1RE\EWARM\SX1211-G0B1RE\Obj\EWARM_18443280873093131863.dir: [3]
    startup_stm32g0b1xx.o         262
    ------------------------------------------------------------
    Total:                        262

C:\Users\d.chollet\Documents\STM32\SX1211-G0B1RE\EWARM\SX1211-G0B1RE\Obj\STM32G0xx_HAL_Driver_14800413719917403617.dir: [4]
    stm32g0xx_hal.o               208                12       12
    stm32g0xx_hal_cortex.o        120
    stm32g0xx_hal_flash.o         308       56       56       28
    stm32g0xx_hal_flash_ex.o      200
    stm32g0xx_hal_gpio.o          456
    stm32g0xx_hal_pwr_ex.o         76
    stm32g0xx_hal_rcc.o         1'624
    stm32g0xx_hal_rcc_ex.o        668
    stm32g0xx_hal_spi.o         1'844
    stm32g0xx_hal_uart.o        1'700
    stm32g0xx_hal_uart_ex.o       280
    ------------------------------------------------------------
    Total:                      7'484       56       68       40

dl6M_tlf.a: [5]
    exit.o                          8
    low_level_init.o                4
    ------------------------------------------------------------
    Total:                         12

rt6M_tl.a: [6]
    ABImemcpy.o                    78
    ABImemset_small.o              16
    I32DivMod.o                    94
    I64DivMod.o                   124
    I64DivZer.o                     2
    IntDivZer.o                     2
    cexit.o                        10
    cmain.o                        30
    copy_init3.o                   48
    cstartup_M.o                   28
    data_init.o                    40
    strlen.o                       14
    zero_init3.o                   60
    ------------------------------------------------------------
    Total:                        546

shb_l.a: [7]
    exit.o                         20
    ------------------------------------------------------------
    Total:                         20

    Linker created                 16                36    1'024
----------------------------------------------------------------
    Grand Total:               12'306       56      288    2'026


*******************************************************************************
*** ENTRY LIST
***

Entry                       Address   Size  Type      Object
-----                       -------   ----  ----      ------
.iar.init_table$$Base    0x800'304c          --   Gb  - Linker created -
.iar.init_table$$Limit   0x800'3070          --   Gb  - Linker created -
?main                    0x800'3091         Code  Gb  cmain.o [6]
ADC1_COMP_IRQHandler     0x800'310b         Code  Wk  startup_stm32g0b1xx.o [3]
AHBPrescTable            0x800'2f38   0x40  Data  Gb  system_stm32g0xx.o [1]
APBPrescTable            0x800'3070   0x20  Data  Gb  system_stm32g0xx.o [1]
CEC_IRQHandler           0x800'312f         Code  Wk  startup_stm32g0b1xx.o [3]
CSTACK$$Base            0x2000'0428          --   Gb  - Linker created -
CSTACK$$Limit           0x2000'0828          --   Gb  - Linker created -
DMA1_Ch4_7_DMA2_Ch1_5_DMAMUX1_OVR_IRQHandler
                         0x800'3109         Code  Wk  startup_stm32g0b1xx.o [3]
DMA1_Channel1_IRQHandler
                         0x800'30bb         Code  Wk  startup_stm32g0b1xx.o [3]
DMA1_Channel2_3_IRQHandler
                         0x800'30c7         Code  Wk  startup_stm32g0b1xx.o [3]
Dec2Bcd                  0x800'19dd   0x1a  Code  Gb  Modbus.o [2]
EEP_Error               0x2000'03d7    0x1  Data  Gb  EEPROM.o [2]
EEP_Status              0x2000'03d6    0x1  Data  Gb  EEPROM.o [2]
EEP_Update               0x800'0c91   0x3c  Code  Gb  EEPROM.o [2]
EE_FindPage              0x800'262f   0x7c  Code  Lc  stm_eeprom.o [2]
EE_PageErase             0x800'2821   0x22  Code  Lc  stm_eeprom.o [2]
EE_PageTransfer          0x800'2715   0xe6  Code  Lc  stm_eeprom.o [2]
EE_ReadVariable          0x800'25ad   0x68  Code  Gb  stm_eeprom.o [2]
EE_VerifyPageFullWriteVariable
                         0x800'26b1   0x5c  Code  Lc  stm_eeprom.o [2]
EE_WriteVariable         0x800'2615   0x1a  Code  Gb  stm_eeprom.o [2]
EXTI0_1_IRQHandler       0x800'2e23         Code  Wk  startup_stm32g0b1xx.o [3]
EXTI2_3_IRQHandler       0x800'2ff5    0xa  Code  Gb  stm32g0xx_it.o [2]
EXTI4_15_IRQHandler      0x800'2fff   0x14  Code  Gb  stm32g0xx_it.o [2]
Error_Handler            0x800'0a45    0x4  Code  Gb  main.o [2]
FLASH_IRQHandler         0x800'291f         Code  Wk  startup_stm32g0b1xx.o [3]
FLASH_PageErase          0x800'2de5   0x26  Code  Gb  stm32g0xx_hal_flash_ex.o [4]
FLASH_Program_DoubleWord
                         0x800'2575   0x18  Code  Lc  stm32g0xx_hal_flash.o [4]
FLASH_Program_Fast      0x2000'0065   0x38  Code  Lc  stm32g0xx_hal_flash.o [4]
FLASH_WaitForLastOperation
                         0x800'2519   0x5c  Code  Gb  stm32g0xx_hal_flash.o [4]
HAL_Delay                0x800'19b5   0x28  Code  Wk  stm32g0xx_hal.o [4]
HAL_FLASHEx_Erase        0x800'2d55   0x88  Code  Gb  stm32g0xx_hal_flash_ex.o [4]
HAL_FLASH_Lock           0x800'24f3   0x12  Code  Gb  stm32g0xx_hal_flash.o [4]
HAL_FLASH_Program        0x800'2479   0x5a  Code  Gb  stm32g0xx_hal_flash.o [4]
HAL_FLASH_Unlock         0x800'24d3   0x20  Code  Gb  stm32g0xx_hal_flash.o [4]
HAL_GPIO_EXTI_Falling_Callback
                         0x800'2417    0x2  Code  Wk  stm32g0xx_hal_gpio.o [4]
HAL_GPIO_EXTI_IRQHandler
                         0x800'0c4b   0x26  Code  Gb  stm32g0xx_hal_gpio.o [4]
HAL_GPIO_EXTI_Rising_Callback
                         0x800'2415    0x2  Code  Wk  stm32g0xx_hal_gpio.o [4]
HAL_GPIO_Init            0x800'0acd  0x166  Code  Gb  stm32g0xx_hal_gpio.o [4]
HAL_GPIO_ReadPin         0x800'0c33    0xc  Code  Gb  stm32g0xx_hal_gpio.o [4]
HAL_GPIO_WritePin        0x800'0c3f    0xc  Code  Gb  stm32g0xx_hal_gpio.o [4]
HAL_GetTick              0x800'0895    0xc  Code  Wk  stm32g0xx_hal.o [4]
HAL_IncTick              0x800'3015   0x10  Code  Wk  stm32g0xx_hal.o [4]
HAL_Init                 0x800'13ad   0x24  Code  Gb  stm32g0xx_hal.o [4]
HAL_InitTick             0x800'2921   0x4c  Code  Wk  stm32g0xx_hal.o [4]
HAL_MspInit              0x800'296d   0x34  Code  Gb  stm32g0xx_hal_msp.o [2]
HAL_NVIC_SetPriority     0x800'2e5f    0x8  Code  Gb  stm32g0xx_hal_cortex.o [4]
HAL_PWREx_ControlVoltageScaling
                         0x800'1d71   0x3a  Code  Gb  stm32g0xx_hal_pwr_ex.o [4]
HAL_RCCEx_PeriphCLKConfig
                         0x800'2ab9  0x266  Code  Gb  stm32g0xx_hal_rcc_ex.o [4]
HAL_RCC_ClockConfig      0x800'21e9  0x14e  Code  Gb  stm32g0xx_hal_rcc.o [4]
HAL_RCC_GetPCLK1Freq     0x800'23c7   0x1a  Code  Gb  stm32g0xx_hal_rcc.o [4]
HAL_RCC_GetSysClockFreq
                         0x800'2345   0x82  Code  Gb  stm32g0xx_hal_rcc.o [4]
HAL_RCC_OscConfig        0x800'1dbd  0x41c  Code  Gb  stm32g0xx_hal_rcc.o [4]
HAL_SPI_Init             0x800'00bd  0x104  Code  Gb  stm32g0xx_hal_spi.o [4]
HAL_SPI_MspInit          0x800'0831   0x56  Code  Gb  spi.o [2]
HAL_SPI_Transmit         0x800'01c1  0x1c8  Code  Gb  stm32g0xx_hal_spi.o [4]
HAL_SPI_TransmitReceive
                         0x800'0391  0x248  Code  Gb  stm32g0xx_hal_spi.o [4]
HAL_SYSCFG_StrobeDBattpinsConfig
                         0x800'13d1    0xe  Code  Gb  stm32g0xx_hal.o [4]
HAL_SYSTICK_Config       0x800'2e69   0x28  Code  Gb  stm32g0xx_hal_cortex.o [4]
HAL_UARTEx_DisableFifoMode
                         0x800'29a1   0x3a  Code  Gb  stm32g0xx_hal_uart_ex.o [4]
HAL_UARTEx_SetRxFifoThreshold
                         0x800'2a0d   0x30  Code  Gb  stm32g0xx_hal_uart_ex.o [4]
HAL_UARTEx_SetTxFifoThreshold
                         0x800'29db   0x32  Code  Gb  stm32g0xx_hal_uart_ex.o [4]
HAL_UART_Init            0x800'0d09   0x66  Code  Gb  stm32g0xx_hal_uart.o [4]
HAL_UART_MspInit         0x800'1537   0x70  Code  Gb  usart.o [2]
HAL_UART_Transmit        0x800'0d75   0xda  Code  Gb  stm32g0xx_hal_uart.o [4]
HardFault_Handler        0x800'2fe7    0x2  Code  Gb  stm32g0xx_it.o [2]
I2C1_IRQHandler          0x800'3121         Code  Wk  startup_stm32g0b1xx.o [3]
I2C2_3_IRQHandler        0x800'3123         Code  Wk  startup_stm32g0b1xx.o [3]
Langue                  0x2000'0252    0x1  Data  Gb  Modbus.o [2]
MODBUS_mb_req_pdu        0x800'1ab9  0x26c  Code  Gb  Modbus.o [2]
MX_GPIO_Init             0x800'13ed   0xe8  Code  Gb  gpio.o [2]
MX_SPI1_Init             0x800'07f1   0x40  Code  Gb  spi.o [2]
MX_USART2_UART_Init      0x800'14d5   0x62  Code  Gb  usart.o [2]
NMI_Handler              0x800'2fe5    0x2  Code  Gb  stm32g0xx_it.o [2]
PVD_VDDIO2_IRQHandler    0x800'2467         Code  Wk  startup_stm32g0b1xx.o [3]
PendSV_Handler           0x800'2feb    0x2  Code  Gb  stm32g0xx_it.o [2]
PreMode                 0x2000'0055    0x1  Data  Lc  sx1211.o [2]
RCC_CRS_IRQHandler       0x800'2e1f         Code  Wk  startup_stm32g0b1xx.o [3]
RF_Configuration         0x800'15b5   0x58  Code  Gb  sx1211.o [2]
RF_GetRSSI               0x800'18cd    0x6  Code  Gb  sx1211.o [2]
RF_Keep_RXLV             0x800'19f7   0x16  Code  Gb  Modbus.o [2]
RF_MatchingEnd           0x800'08a1   0x38  Code  Gb  main.o [2]
RF_ReceiveFrame          0x800'162d   0xc6  Code  Gb  sx1211.o [2]
RF_SetCurrentNetid       0x800'18a3   0x2a  Code  Gb  sx1211.o [2]
RF_TransmitFrame         0x800'16f3   0x84  Code  Gb  sx1211.o [2]
RF_WEB2THM               0x800'1a73   0x1e  Code  Gb  Modbus.o [2]
RTC_TAMP_IRQHandler      0x800'2843         Code  Wk  startup_stm32g0b1xx.o [3]
ReadRegister             0x800'1929   0x4e  Code  Lc  sx1211.o [2]
Region$$Table$$Base      0x800'304c          --   Gb  - Linker created -
Region$$Table$$Limit     0x800'3070          --   Gb  - Linker created -
RegistersCfg             0x800'160c   0x20  Data  Gb  sx1211.o [2]
Reset_Handler            0x800'30f9         Code  Wk  startup_stm32g0b1xx.o [3]
Rf_Level_Quality        0x2000'0253    0x1  Data  Gb  Modbus.o [2]
SFlags0                 0x2000'03d4    0x2  Data  Gb  Modbus.o [2]
SFlags1                 0x2000'024c    0x1  Data  Gb  Modbus.o [2]
SFlags2                 0x2000'024d    0x1  Data  Gb  Modbus.o [2]
SFlags3                 0x2000'0421    0x1  Data  Gb  Modbus.o [2]
SFlags5                 0x2000'024e    0x1  Data  Gb  Modbus.o [2]
SFlags6                 0x2000'024f    0x1  Data  Gb  Modbus.o [2]
SFlags7                 0x2000'0250    0x1  Data  Gb  Modbus.o [2]
SMsg2Go                 0x2000'0254    0x2  Data  Gb  Modbus.o [2]
SPI1_IRQHandler          0x800'3125         Code  Wk  startup_stm32g0b1xx.o [3]
SPI2_3_IRQHandler        0x800'3127         Code  Wk  startup_stm32g0b1xx.o [3]
SPI_EndRxTxTransaction   0x800'07a5   0x4c  Code  Lc  stm32g0xx_hal_spi.o [4]
SPI_WaitFifoStateUntilTimeout
                         0x800'06a7   0xf4  Code  Lc  stm32g0xx_hal_spi.o [4]
SPI_WaitFlagStateUntilTimeout
                         0x800'05e1   0xc6  Code  Lc  stm32g0xx_hal_spi.o [4]
SRAM2EEP                0x2000'035c   0x48  Data  Gb  main.o [2]
SRegistresRW_COM        0x2000'0278   0x38  Data  Gb  Modbus.o [2]
SRegistresRW_FAV        0x2000'0268    0xc  Data  Gb  Modbus.o [2]
SRegistresRW_SAT_LED    0x2000'0258   0x10  Data  Gb  Modbus.o [2]
SRegistresRW_SAT_SGC    0x2000'03a4   0x30  Data  Gb  Modbus.o [2]
SRegistresRW_THM        0x2000'009c   0x94  Data  Gb  Modbus.o [2]
SRegistresR_COM         0x2000'03d8   0x28  Data  Gb  Modbus.o [2]
SVC_Handler              0x800'2fe9    0x2  Code  Gb  stm32g0xx_it.o [2]
SendUART                 0x800'08d9   0x18  Code  Gb  main.o [2]
SetRFMode                0x800'1777  0x12c  Code  Gb  sx1211.o [2]
SysTick_Handler          0x800'2fed    0x8  Code  Gb  stm32g0xx_it.o [2]
SystemClock_Config       0x800'09e9   0x5c  Code  Gb  main.o [2]
SystemCoreClock         0x2000'0060    0x4  Data  Gb  system_stm32g0xx.o [1]
SystemInit               0x800'3131    0x2  Code  Gb  system_stm32g0xx.o [1]
TIM14_IRQHandler         0x800'3119         Code  Wk  startup_stm32g0b1xx.o [3]
TIM15_IRQHandler         0x800'311b         Code  Wk  startup_stm32g0b1xx.o [3]
TIM16_FDCAN_IT0_IRQHandler
                         0x800'311d         Code  Wk  startup_stm32g0b1xx.o [3]
TIM17_FDCAN_IT1_IRQHandler
                         0x800'311f         Code  Wk  startup_stm32g0b1xx.o [3]
TIM1_BRK_UP_TRG_COM_IRQHandler
                         0x800'310d         Code  Wk  startup_stm32g0b1xx.o [3]
TIM1_CC_IRQHandler       0x800'310f         Code  Wk  startup_stm32g0b1xx.o [3]
TIM2_IRQHandler          0x800'3111         Code  Wk  startup_stm32g0b1xx.o [3]
TIM3_TIM4_IRQHandler     0x800'3113         Code  Wk  startup_stm32g0b1xx.o [3]
TIM6_DAC_LPTIM1_IRQHandler
                         0x800'3115         Code  Wk  startup_stm32g0b1xx.o [3]
TIM7_LPTIM2_IRQHandler   0x800'3117         Code  Wk  startup_stm32g0b1xx.o [3]
TrameRx                 0x2000'01c4   0x44  Data  Gb  main.o [2]
TrameTx                 0x2000'0208   0x44  Data  Gb  main.o [2]
UARTEx_SetNbDataToProcess
                         0x800'2a5d   0x4a  Code  Lc  stm32g0xx_hal_uart_ex.o [4]
UARTEx_SetNbDataToProcess::denominator
                         0x800'2ab0    0x8  Data  Lc  stm32g0xx_hal_uart_ex.o [4]
UARTEx_SetNbDataToProcess::numerator
                         0x800'2aa8    0x8  Data  Lc  stm32g0xx_hal_uart_ex.o [4]
UARTPrescTable           0x800'10c8   0x18  Data  Gb  stm32g0xx_hal_uart.o [4]
UART_AdvFeatureConfig    0x800'10e1   0xc8  Code  Gb  stm32g0xx_hal_uart.o [4]
UART_CheckIdleState      0x800'11b5   0xae  Code  Gb  stm32g0xx_hal_uart.o [4]
UART_EndRxTransfer       0x800'1345   0x5e  Code  Lc  stm32g0xx_hal_uart.o [4]
UART_SetConfig           0x800'0e51  0x24e  Code  Gb  stm32g0xx_hal_uart.o [4]
UART_WaitOnFlagUntilTimeout
                         0x800'1289   0xa2  Code  Gb  stm32g0xx_hal_uart.o [4]
UPDT_BUF2SYS             0x800'1a3f   0x34  Code  Gb  Modbus.o [2]
UPDT_SYS2BUF             0x800'1a0d   0x32  Code  Gb  Modbus.o [2]
USART1_IRQHandler        0x800'3129         Code  Wk  startup_stm32g0b1xx.o [3]
USART2_LPUART2_IRQHandler
                         0x800'312b         Code  Wk  startup_stm32g0b1xx.o [3]
USART3_4_5_6_LPUART1_IRQHandler
                         0x800'312d         Code  Wk  startup_stm32g0b1xx.o [3]
USB_UCPD1_2_IRQHandler   0x800'3013         Code  Wk  startup_stm32g0b1xx.o [3]
VarDataTab              0x2000'0314   0x48  Data  Gb  EEPROM.o [2]
VirtAddVarTab           0x2000'0000   0x48  Data  Gb  EEPROM.o [2]
WWDG_IRQHandler          0x800'0d07         Code  Wk  startup_stm32g0b1xx.o [3]
Wait                     0x800'19a1    0x8  Code  Gb  sx1211.o [2]
WriteFifo                0x800'1977   0x2a  Code  Lc  sx1211.o [2]
WriteRegister            0x800'18dd   0x46  Code  Lc  sx1211.o [2]
__ICFEDIT_region_RAM_end__ {Abs}
                        0x2002'3fff          --   Gb  <internal module>
__ICFEDIT_region_RAM_start__ {Abs}
                        0x2000'0000          --   Gb  <internal module>
__NVIC_SetPriority       0x800'2e25   0x3a  Code  Lc  stm32g0xx_hal_cortex.o [4]
__aeabi_idiv0            0x800'2e1d         Code  Gb  IntDivZer.o [6]
__aeabi_ldiv0            0x800'2e21         Code  Gb  I64DivZer.o [6]
__aeabi_memcpy           0x800'244d         Code  Gb  ABImemcpy.o [6]
__aeabi_memcpy4          0x800'2419         Code  Gb  ABImemcpy.o [6]
__aeabi_memcpy8          0x800'2419         Code  Gb  ABImemcpy.o [6]
__aeabi_uldivmod         0x800'28a3         Code  Gb  I64DivMod.o [6]
__cmain                  0x800'3091         Code  Gb  cmain.o [6]
__exit                   0x800'30c9   0x14  Code  Gb  exit.o [7]
__iar_Memcpy             0x800'2459         Code  Gb  ABImemcpy.o [6]
__iar_copy_init3         0x800'2fb5   0x30  Code  Gb  copy_init3.o [6]
__iar_data_init3         0x800'3025   0x28  Code  Gb  data_init.o [6]
__iar_program_start      0x800'30dd         Code  Gb  cstartup_M.o [6]
__iar_small_Memset4_word
                         0x800'0ac1         Code  Gb  ABImemset_small.o [6]
__iar_small_Memset_word
                         0x800'0ac1         Code  Gb  ABImemset_small.o [6]
__iar_small_idiv         0x800'2845         Code  Gb  I32DivMod.o [6]
__iar_small_idivmod      0x800'2845         Code  Gb  I32DivMod.o [6]
__iar_small_memclr       0x800'0abd         Code  Gb  ABImemset_small.o [6]
__iar_small_memclr4      0x800'0abd         Code  Gb  ABImemset_small.o [6]
__iar_small_memclr8      0x800'0abd         Code  Gb  ABImemset_small.o [6]
__iar_small_memset       0x800'0ac1         Code  Gb  ABImemset_small.o [6]
__iar_small_memset4      0x800'0ac1         Code  Gb  ABImemset_small.o [6]
__iar_small_memset8      0x800'0ac1         Code  Gb  ABImemset_small.o [6]
__iar_small_uidiv        0x800'286d         Code  Gb  I32DivMod.o [6]
__iar_small_uidivmod     0x800'286d         Code  Gb  I32DivMod.o [6]
__iar_zero_init3         0x800'2f79   0x3c  Code  Gb  zero_init3.o [6]
__low_level_init         0x800'30af    0x4  Code  Gb  low_level_init.o [5]
__vector_table           0x800'0000         Data  Gb  startup_stm32g0b1xx.o [3]
_call_main               0x800'309d         Code  Gb  cmain.o [6]
_exit                    0x800'30bd         Code  Gb  cexit.o [6]
exit                     0x800'30b3    0x8  Code  Gb  exit.o [5]
hspi1                   0x2000'02b0   0x64  Data  Gb  spi.o [2]
huart2                  0x2000'0130   0x94  Data  Gb  usart.o [2]
main                     0x800'08f5   0xd0  Code  Gb  main.o [2]
pFlash                  0x2000'0400   0x1c  Data  Gb  stm32g0xx_hal_flash.o [4]
read_eeprom              0x800'0ccd   0x1a  Code  Gb  EEPROM.o [2]
strlen                   0x800'0cf9         Code  Gb  strlen.o [6]
ucMEMFAV_SA             0x2000'041e    0x1  Data  Gb  main.o [2]
ucMEMFAV_SJ             0x2000'0420    0x1  Data  Gb  main.o [2]
ucMEMFAV_SM             0x2000'041f    0x1  Data  Gb  main.o [2]
ucMRK_RXOVR             0x2000'0054    0x1  Data  Gb  sx1211.o [2]
ucRfValue               0x2000'0056    0x1  Data  Lc  sx1211.o [2]
ucTIM1TSWEBMODIF        0x2000'0251    0x1  Data  Gb  Modbus.o [2]
uiMEMFAV_CS             0x2000'041c    0x2  Data  Gb  main.o [2]
uiTIM5msRUN             0x2000'0274    0x2  Data  Gb  Modbus.o [2]
uifnMEMFAV_CS            0x800'1a91   0x1c  Code  Gb  Modbus.o [2]
ulmeas1                 0x2000'0058    0x4  Data  Gb  sx1211.o [2]
ulmeas2                 0x2000'005c    0x4  Data  Gb  sx1211.o [2]
uwTick                  0x2000'004c    0x4  Data  Gb  stm32g0xx_hal.o [4]
uwTickFreq              0x2000'0048    0x1  Data  Gb  stm32g0xx_hal.o [4]
uwTickPrio              0x2000'0050    0x4  Data  Gb  stm32g0xx_hal.o [4]


[1] = C:\Users\d.chollet\Documents\STM32\SX1211-G0B1RE\EWARM\SX1211-G0B1RE\Obj\CMSIS_6603591812247902717.dir
[2] = C:\Users\d.chollet\Documents\STM32\SX1211-G0B1RE\EWARM\SX1211-G0B1RE\Obj\Core_13247989168731456611.dir
[3] = C:\Users\d.chollet\Documents\STM32\SX1211-G0B1RE\EWARM\SX1211-G0B1RE\Obj\EWARM_18443280873093131863.dir
[4] = C:\Users\d.chollet\Documents\STM32\SX1211-G0B1RE\EWARM\SX1211-G0B1RE\Obj\STM32G0xx_HAL_Driver_14800413719917403617.dir
[5] = dl6M_tlf.a
[6] = rt6M_tl.a
[7] = shb_l.a

  12'306 bytes of readonly  code memory
      56 bytes of readwrite code memory
     288 bytes of readonly  data memory
   2'026 bytes of readwrite data memory

Errors: none
Warnings: none
